Microchip MPLAB XC8 Compiler V2.20

Linker command line:

-W-3 --edf=C:\Program Files\Microchip\xc8\v2.20\pic\dat\en_msgs.txt -cn \
  -h+dist/default/debug\TEST.X.debug.sym \
  --cmf=dist/default/debug\TEST.X.debug.cmf -z -Q16F877A \
  -oC:\Users\MOHAME~1\AppData\Local\Temp\sack.2 --defsym=__MPLAB_BUILD=1 \
  -Mdist/default/debug/TEST.X.debug.map -E1 -ver=XC8 Compiler --acfsm=1493 \
  -ASTACK=0110h-016Fh -pstack=STACK -ACODE=00h-07FFhx4 -ASTRCODE=00h-01FFFh \
  -ASTRING=00h-0FFhx32 -ACONST=00h-0FFhx32 -AENTRY=00h-0FFhx32 \
  -ACOMMON=070h-07Fh -ABANK0=020h-06Fh -ABANK1=0A0h-0EFh \
  -ABANK2=0110h-016Fh -ABANK3=0190h-01EFh \
  -ARAM=020h-06Fh,0A0h-0EFh,0110h-016Fh,0190h-01EFh \
  -AABS1=020h-07Fh,0A0h-0EFh,0110h-016Fh,0190h-01EFh -ASFR0=00h-01Fh \
  -ASFR1=080h-09Fh -ASFR2=0100h-010Fh -ASFR3=0180h-018Fh \
  -ACONFIG=02007h-02007h -DCONFIG=2 -AIDLOC=02000h-02003h -DIDLOC=2 \
  -preset_vec=00h,intentry=04h,init,end_init -ppowerup=CODE -pcinit=CODE \
  -pfunctab=ENTRY -AEEDATA=00h-0FFh/02100h -peeprom_data=EEDATA -DEEDATA=2 \
  -DCODE=2 -DSTRCODE=2 -DSTRING=2 -DCONST=2 -DENTRY=2 -k \
  C:\Users\MOHAME~1\AppData\Local\Temp\sack.o \
  dist/default/debug\TEST.X.debug.o 

Object code version is 3.11

Machine type is 16F877A



                Name                               Link     Load   Length Selector   Space Scale
C:\Users\MOHAME~1\AppData\Local\Temp\sack.o
                end_init                             12       12        3        8       0
                reset_vec                             0        0        3        0       0
                config                             2007     2007        1        0       4
dist/default/debug\TEST.X.debug.o
                cinit                                15       15       36        8       0
                intentry                              4        4        E        8       0
                config                             2007     2007        1        0       4
                text58                             1E8C     1E8C       1F     3D18       0
                text57                             1002     1002       17     2004       0
                text56                             134D     134D       67     269A       0
                text55                              802      802       59     1004       0
                text54                             1235     1235       56     246A       0
                text53                             1D9A     1D9A        8     3B34       0
                text52                             1E4C     1E4C       15     3C98       0
                text51                             1DAA     1DAA        9     3B54       0
                text50                             141C     141C       69     2838       0
                text49                             1E61     1E61       15     3CC2       0
                text48                              85B      85B      15D     10B6       0
                text47                             1112     1112       48     2224       0
                text46                              B95      B95      1E3     172A       0
                text45                             1EEF     1EEF       27     3DDE       0
                text44                              3AC      3AC      361        8       0
                text43                             1570     1570       7C     2AE0       0
                text42                             168A     168A       BA     2D14       0
                text41                             1485     1485       72     290A       0
                text40                             12E7     12E7       66     25CE       0
                text39                             11A2     11A2       49     2344       0
                text38                             1F67     1F67       2D     3ECE       0
                text37                             1DF8     1DF8       10     3BF0       0
                text36                             10CF     10CF       43     219E       0
                text35                             1F16     1F16       28     3E2C       0
                text34                             1D74     1D74        6     3AE8       0
                text33                             1D7A     1D7A        6     3AF4       0
                text32                             14F7     14F7       79     29EE       0
                text31                             1EAB     1EAB       20     3D56       0
                text30                             1DEB     1DEB        D     3BD6       0
                text29                             1DB3     1DB3        9     3B66       0
                text28                             1DBC     1DBC        9     3B78       0
                text27                             1E08     1E08       10     3C10       0
                text26                             1019     1019       3C     2032       0
                text25                             1E18     1E18       10     3C30       0
                text24                             1091     1091       3E     2122       0
                text23                             1D8C     1D8C        7     3B18       0
                text22                             1D93     1D93        7     3B26       0
                text21                             128B     128B       5C     2516       0
                text20                             11EB     11EB       4A     23D6       0
                text19                             1F94     1F94       36     3F28       0
                text18                             1E28     1E28       11     3C50       0
                text17                             13B4     13B4       68     2768       0
                text16                             1FCA     1FCA       36     3F94       0
                text15                             1DD7     1DD7        A     3BAE       0
                text14                              7E7      7E7       17        8       0
                text13                             115A     115A       48     22B4       0
                text12                              9B8      9B8      1DD     1370       0
                text11                             1F3E     1F3E       29     3E7C       0
                text10                               4B       4B      361        8       0
                text9                               D78      D78      288     1AF0       0
                text8                              1ECB     1ECB       24     3D96       0
                text7                              15EC     15EC       9E     2BD8       0
                text6                              1744     1744       BC     2E88       0
                text5                               70D      70D       DA        8       0
                text4                              1E76     1E76       16     3CEC       0
                text3                              1D80     1D80        6     3B00       0
                text2                              1DC5     1DC5        9     3B8A       0
                text1                              1055     1055       3C     20AA       0
                maintext                           1DCE     1DCE        9     3B9C       0
                cstackBANK0                          20       20       1E       20       1
                cstackCOMMON                         70       70        E       70       1
                cstackBANK1                          A0       A0       4E       A0       1
                cstackBANK3                         1AD      1AD       10      190       1
                clrtext                            1DA2     1DA2        8     3B44       0
                inittext                           1E39     1E39       13     3C72       0
                dataBANK3                           1BD      1BD        A      190       1
                bssBANK3                            190      190       1D      190       1
                bssBANK1                             EE       EE        2       A0       1
                dataBANK0                            56       56        6       20       1
                bssBANK0                             3E       3E       18       20       1
                idataBANK3                         1DE1     1DE1        A     3BC2       0
                idataBANK0                         1D86     1D86        6     3B0C       0

TOTAL           Name                               Link     Load   Length     Space
        CLASS   STACK          

        CLASS   CODE           
                end_init                             12       12        3         0
                cinit                                15       15       36         0
                intentry                              4        4        E         0
                reset_vec                             0        0        3         0
                text58                             1E8C     1E8C       1F         0
                text57                             1002     1002       17         0
                text56                             134D     134D       67         0
                text55                              802      802       59         0
                text54                             1235     1235       56         0
                text53                             1D9A     1D9A        8         0
                text52                             1E4C     1E4C       15         0
                text51                             1DAA     1DAA        9         0
                text50                             141C     141C       69         0
                text49                             1E61     1E61       15         0
                text48                              85B      85B      15D         0
                text47                             1112     1112       48         0
                text46                              B95      B95      1E3         0
                text45                             1EEF     1EEF       27         0
                text44                              3AC      3AC      361         0
                text43                             1570     1570       7C         0
                text42                             168A     168A       BA         0
                text41                             1485     1485       72         0
                text40                             12E7     12E7       66         0
                text39                             11A2     11A2       49         0
                text38                             1F67     1F67       2D         0
                text37                             1DF8     1DF8       10         0
                text36                             10CF     10CF       43         0
                text35                             1F16     1F16       28         0
                text34                             1D74     1D74        6         0
                text33                             1D7A     1D7A        6         0
                text32                             14F7     14F7       79         0
                text31                             1EAB     1EAB       20         0
                text30                             1DEB     1DEB        D         0
                text29                             1DB3     1DB3        9         0
                text28                             1DBC     1DBC        9         0
                text27                             1E08     1E08       10         0
                text26                             1019     1019       3C         0
                text25                             1E18     1E18       10         0
                text24                             1091     1091       3E         0
                text23                             1D8C     1D8C        7         0
                text22                             1D93     1D93        7         0
                text21                             128B     128B       5C         0
                text20                             11EB     11EB       4A         0
                text19                             1F94     1F94       36         0
                text18                             1E28     1E28       11         0
                text17                             13B4     13B4       68         0
                text16                             1FCA     1FCA       36         0
                text15                             1DD7     1DD7        A         0
                text14                              7E7      7E7       17         0
                text13                             115A     115A       48         0
                text12                              9B8      9B8      1DD         0
                text11                             1F3E     1F3E       29         0
                text10                               4B       4B      361         0
                text9                               D78      D78      288         0
                text8                              1ECB     1ECB       24         0
                text7                              15EC     15EC       9E         0
                text6                              1744     1744       BC         0
                text5                               70D      70D       DA         0
                text4                              1E76     1E76       16         0
                text3                              1D80     1D80        6         0
                text2                              1DC5     1DC5        9         0
                text1                              1055     1055       3C         0
                maintext                           1DCE     1DCE        9         0
                clrtext                            1DA2     1DA2        8         0
                inittext                           1E39     1E39       13         0
                idataBANK3                         1DE1     1DE1        A         0
                idataBANK0                         1D86     1D86        6         0

        CLASS   STRCODE        

        CLASS   STRING         

        CLASS   CONST          

        CLASS   ENTRY          

        CLASS   COMMON         
                cstackCOMMON                         70       70        E         1

        CLASS   BANK0          
                cstackBANK0                          20       20       1E         1
                dataBANK0                            56       56        6         1
                bssBANK0                             3E       3E       18         1

        CLASS   BANK1          
                cstackBANK1                          A0       A0       4E         1
                bssBANK1                             EE       EE        2         1

        CLASS   BANK2          

        CLASS   BANK3          
                cstackBANK3                         1AD      1AD       10         1
                dataBANK3                           1BD      1BD        A         1
                bssBANK3                            190      190       1D         1

        CLASS   RAM            

        CLASS   ABS1           
                abs_s1                               7E       7E        2         1

        CLASS   SFR0           

        CLASS   SFR1           

        CLASS   SFR2           

        CLASS   SFR3           

        CLASS   CONFIG         
                config                             2007     2007        1         4

        CLASS   IDLOC          

        CLASS   EEDATA         



SEGMENTS        Name                           Load    Length   Top    Selector   Space  Class     Delta

                reset_vec                      000000  000003  000003         0       0  CODE        2
                intentry                       000004  0007FA  0007FE         8       0  CODE        2
                cstackBANK0                    000020  00003C  00005C        20       1  BANK0       1
                cstackCOMMON                   000070  00000E  00007E        70       1  COMMON      1
                cstackBANK1                    0000A0  000050  0000F0        A0       1  BANK1       1
                bssBANK3                       000190  000037  0001C7       190       1  BANK3       1
                text55                         000802  000059  00085B      1004       0  CODE        2
                text48                         00085B  00015D  0009B8      10B6       0  CODE        2
                text12                         0009B8  0001DD  000B95      1370       0  CODE        2
                text46                         000B95  0001E3  000D78      172A       0  CODE        2
                text9                          000D78  000288  001000      1AF0       0  CODE        2
                text57                         001002  000017  001019      2004       0  CODE        2
                text26                         001019  00003C  001055      2032       0  CODE        2
                text1                          001055  00003C  001091      20AA       0  CODE        2
                text24                         001091  00003E  0010CF      2122       0  CODE        2
                text36                         0010CF  000043  001112      219E       0  CODE        2
                text47                         001112  000048  00115A      2224       0  CODE        2
                text13                         00115A  000048  0011A2      22B4       0  CODE        2
                text39                         0011A2  000049  0011EB      2344       0  CODE        2
                text20                         0011EB  00004A  001235      23D6       0  CODE        2
                text54                         001235  000056  00128B      246A       0  CODE        2
                text21                         00128B  00005C  0012E7      2516       0  CODE        2
                text40                         0012E7  000066  00134D      25CE       0  CODE        2
                text56                         00134D  000067  0013B4      269A       0  CODE        2
                text17                         0013B4  000068  00141C      2768       0  CODE        2
                text50                         00141C  000069  001485      2838       0  CODE        2
                text41                         001485  000072  0014F7      290A       0  CODE        2
                text32                         0014F7  000079  001570      29EE       0  CODE        2
                text43                         001570  00007C  0015EC      2AE0       0  CODE        2
                text7                          0015EC  00009E  00168A      2BD8       0  CODE        2
                text42                         00168A  0000BA  001744      2D14       0  CODE        2
                text6                          001744  0000BC  001800      2E88       0  CODE        2
                text34                         001D74  000006  001D7A      3AE8       0  CODE        2
                text33                         001D7A  000006  001D80      3AF4       0  CODE        2
                text3                          001D80  000006  001D86      3B00       0  CODE        2
                idataBANK0                     001D86  000006  001D8C      3B0C       0  CODE        2
                text23                         001D8C  000007  001D93      3B18       0  CODE        2
                text22                         001D93  000007  001D9A      3B26       0  CODE        2
                text53                         001D9A  000008  001DA2      3B34       0  CODE        2
                clrtext                        001DA2  000008  001DAA      3B44       0  CODE        2
                text51                         001DAA  000009  001DB3      3B54       0  CODE        2
                text29                         001DB3  000009  001DBC      3B66       0  CODE        2
                text28                         001DBC  000009  001DC5      3B78       0  CODE        2
                text2                          001DC5  000009  001DCE      3B8A       0  CODE        2
                maintext                       001DCE  000009  001DD7      3B9C       0  CODE        2
                text15                         001DD7  00000A  001DE1      3BAE       0  CODE        2
                idataBANK3                     001DE1  00000A  001DEB      3BC2       0  CODE        2
                text30                         001DEB  00000D  001DF8      3BD6       0  CODE        2
                text37                         001DF8  000010  001E08      3BF0       0  CODE        2
                text27                         001E08  000010  001E18      3C10       0  CODE        2
                text25                         001E18  000010  001E28      3C30       0  CODE        2
                text18                         001E28  000011  001E39      3C50       0  CODE        2
                inittext                       001E39  000013  001E4C      3C72       0  CODE        2
                text52                         001E4C  000015  001E61      3C98       0  CODE        2
                text49                         001E61  000015  001E76      3CC2       0  CODE        2
                text4                          001E76  000016  001E8C      3CEC       0  CODE        2
                text58                         001E8C  00001F  001EAB      3D18       0  CODE        2
                text31                         001EAB  000020  001ECB      3D56       0  CODE        2
                text8                          001ECB  000024  001EEF      3D96       0  CODE        2
                text45                         001EEF  000027  001F16      3DDE       0  CODE        2
                text35                         001F16  000028  001F3E      3E2C       0  CODE        2
                text11                         001F3E  000029  001F67      3E7C       0  CODE        2
                text38                         001F67  00002D  001F94      3ECE       0  CODE        2
                text19                         001F94  000036  001FCA      3F28       0  CODE        2
                text16                         001FCA  000036  002000      3F94       0  CODE        2


UNUSED ADDRESS RANGES

        Name                Unused          Largest block    Delta
        BANK0            005C-006F             14           1
        BANK2            0110-016F             60           1
        BANK3            01C7-01EF             29           1
        CODE             0003-0003              1           2
                         07FE-0801              2
                         1000-1001              2
                         1800-1D73            574
        CONST            0003-0003              1           2
                         07FE-0801              2
                         1000-1001              2
                         1800-1D73            100
        EEDATA           2100-21FF            100           2
        ENTRY            0003-0003              1           2
                         07FE-0801              2
                         1000-1001              2
                         1800-1D73            100
        IDLOC            2000-2003              4           2
        RAM              005C-006F             14           1
                         0110-016F             60
                         01C7-01EF             29
        SFR0             0000-001F             20           1
        SFR1             0080-009F             20           1
        SFR2             0100-010F             10           1
        SFR3             0180-018F             10           1
        STACK            0110-016F             60           1
        STRCODE          0003-0003              1           2
                         07FE-0801              4
                         1000-1001              2
                         1800-1D73            574
        STRING           0003-0003              1           2
                         07FE-0801              2
                         1000-1001              2
                         1800-1D73            100

                                  Symbol Table

?_ADC_Read                      cstackCOMMON 0070
?__Umul8_16                     cstackBANK1  00A0
?___awdiv                       cstackCOMMON 0070
?___awmod                       cstackCOMMON 0070
?___fladd                       cstackBANK1  00A0
?___fldiv                       cstackBANK1  00C8
?___flmul                       cstackBANK1  00AE
?___flsub                       cstackBANK1  00E2
?___fltol                       cstackBANK1  00EA
?___lldiv                       cstackBANK1  00A0
?___xxtofl                      cstackBANK1  00A0
?i1__Umul8_16                   cstackCOMMON 0070
?i1___fldiv                     cstackCOMMON 0070
?i1___flmul                     cstackBANK0  0020
?i1___fltol                     cstackBANK0  002D
?i1___lldiv                     cstackCOMMON 0070
?i1___xxtofl                    cstackCOMMON 0070
ADC_Read@Channel                cstackCOMMON 0075
ADC_Read@ret                    cstackCOMMON 0073
DISP_Elements@var               cstackCOMMON 007C
DISP_Update@DISP_Blink          bssBANK3     01A9
DISP_Update@DISP_Counter        bssBANK0     004A
EEPROM_Write@ADDRH              cstackCOMMON 0074
EEPROM_Write@ADDRL              cstackCOMMON 0075
EEPROM_Write@add                cstackCOMMON 0071
EEPROM_Write@data               cstackCOMMON 0073
I2C_Master_init@baud            cstackBANK1  00AE
I2C_Write@Data                  cstackCOMMON 0070
SSD_OUT@Data                    cstackCOMMON 0079
SSD_OUT@ssd                     cstackCOMMON 0078
SSD_SetSSD@ssd                  cstackCOMMON 0070
SSD_SetState@state              cstackCOMMON 0070
SW_GetState@sw                  cstackCOMMON 0073
SW_Init@index                   cstackBANK1  00A3
SW_Update@SW_UPDATE             bssBANK0     0051
SW_Update@index                 cstackCOMMON 0074
Timer_Start@tick_ms             cstackBANK3  01BC
Timer_update_reg@tick_ms        cstackBANK3  01BB
Tmepreture_Update@Temp_Update   bssBANK3     01A1
WH_Update@WH_Counter            bssBANK3     0199
_ACKSTAT                        (abs)        048E
_ADCS1                          (abs)        00FF
_ADCS2                          (abs)        04FE
_ADC_INIT                       text18       1E28
_ADC_Read                       text47       1112
_ADC_read                       bssBANK0     004E
_ADFM                           (abs)        04FF
_ADON                           (abs)        00F8
_ADRESH                         (abs)        001E
_ADRESL                         (abs)        009E
_CHS0                           (abs)        00FB
_CHS1                           (abs)        00FC
_CHS2                           (abs)        00FD
_COOL_turn_off                  text34       1D74
_COOL_turn_on                   text23       1D8C
_Check_WH_mode                  text32       14F7
_Current_SSD                    dataBANK0    0056
_DISP_Elements                  text54       1235
_DISP_Update                    text50       141C
_EEPROM_Write                   text26       1019
_GIE                            (abs)        005F
_GO                             (abs)        00FA
_Get_temp                       text41       1485
_I2C_Master_init                text16       1FCA
_I2C_Start                      text29       1DB3
_I2C_Stop                       text28       1DBC
_I2C_Wait_idle                  text30       1DEB
_I2C_Write                      text27       1E08
_Init_flag                      bssBANK0     0042
_MODE                           dataBANK0    005B
_OS_init                        text1        1055
_PCFG0                          (abs)        04F8
_PCFG1                          (abs)        04F9
_PCFG2                          (abs)        04FA
_PCFG3                          (abs)        04FB
_PEIE                           (abs)        005E
_PEN                            (abs)        048A
_PORTA                          (abs)        0005
_PORTB                          (abs)        0006
_PORTC                          (abs)        0007
_PORTD                          (abs)        0008
_RD1                            (abs)        0041
_RD2                            (abs)        0042
_RD4                            (abs)        0044
_RD5                            (abs)        0045
_RD6                            (abs)        0046
_RD7                            (abs)        0047
_RSEN                           (abs)        0489
_SDD_Init                       text15       1DD7
_SEN                            (abs)        0488
_SSD_BLINK_STATE                bssBANK0     0052
_SSD_Blink                      text51       1DAA
_SSD_OUT                        text57       1002
_SSD_SetSSD                     text58       1E8C
_SSD_SetState                   text53       1D9A
_SSD_Toggle                     text52       1E4C
_SSD_map                        dataBANK3    01BD
_SSPADD                         (abs)        0093
_SSPBUF                         (abs)        0013
_SSPCON                         (abs)        0014
_SSPCON2                        (abs)        0091
_SSPIF                          (abs)        0063
_SSPSTAT                        (abs)        0094
_SW_GetState                    text37       1DF8
_SW_Init                        text13       115A
_SW_Update                      text48       085B
_SWs_Info                       bssBANK3     0190
_Sleep_flag                     bssBANK0     003E
_T1CKPS0                        (abs)        0084
_T1CKPS1                        (abs)        0085
_TMR1                           (abs)        000E
_TMR1CS                         (abs)        0081
_TMR1IE                         (abs)        0460
_TMR1IF                         (abs)        0060
_TMR1ON                         (abs)        0080
_TMR_Update                     text19       1F94
_TRISA                          (abs)        0085
_TRISB                          (abs)        0086
_TRISC                          (abs)        0087
_TRISC3                         (abs)        043B
_TRISC4                         (abs)        043C
_TRISD                          (abs)        0088
_TRISD1                         (abs)        0441
_TRISD2                         (abs)        0442
_Temp_ten_average               text39       11A2
_Temperature                    bssBANK0     0054
_Ten_average_temp               bssBANK0     0046
_Timer_Start                    text4        1E76
_Timer_Update_Vlue              bssBANK1     00EE
_Timer_init                     text3        1D80
_Timer_update_reg               text5        070D
_Timer_update_reg$1056          cstackBANK3  01B7
_Tmepreture_Update              text38       1F67
_Update_Global_counter          text36       10CF
_Update_OS_Mode                 text35       1F16
_WH_CL_Init                     text2        1DC5
_WH_Disable                     text31       1EAB
_WH_Save_Last_Temp              text25       1E18
_WH_Set_temp                    text24       1091
_WH_Turn_On_Off                 text21       128B
_WH_Update                      text20       11EB
_WH_turn_off                    text33       1D7A
_WH_turn_on                     text22       1D93
__Habs1                         abs1         0000
__Hbank0                        bank0        0000
__Hbank1                        bank1        0000
__Hbank2                        bank2        0000
__Hbank3                        bank3        0000
__HbssBANK0                     bssBANK0     0000
__HbssBANK1                     bssBANK1     0000
__HbssBANK3                     bssBANK3     0000
__Hcinit                        cinit        004B
__Hclrtext                      clrtext      0000
__Hcode                         code         0000
__Hcommon                       common       0000
__Hconfig                       config       2008
__HcstackBANK0                  cstackBANK0  0000
__HcstackBANK1                  cstackBANK1  0000
__HcstackBANK3                  cstackBANK3  0000
__HcstackCOMMON                 cstackCOMMON 0000
__HdataBANK0                    dataBANK0    0000
__HdataBANK3                    dataBANK3    0000
__Heeprom_data                  eeprom_data  0000
__Hend_init                     end_init     0015
__Hfunctab                      functab      0000
__HidataBANK0                   idataBANK0   0000
__HidataBANK3                   idataBANK3   0000
__Hinit                         init         0012
__Hinittext                     inittext     0000
__Hintentry                     intentry     0012
__Hmaintext                     maintext     0000
__Hpowerup                      powerup      0000
__Hram                          ram          0000
__Hreset_vec                    reset_vec    0003
__Hsfr0                         sfr0         0000
__Hsfr1                         sfr1         0000
__Hsfr2                         sfr2         0000
__Hsfr3                         sfr3         0000
__Hspace_0                      (abs)        2000
__Hspace_1                      (abs)        01C7
__Hspace_2                      (abs)        0000
__Hspace_3                      (abs)        0000
__Hspace_4                      (abs)        400F
__Hstack                        stack        0000
__Hstrings                      strings      0000
__Htext                         text         0000
__Labs1                         abs1         0000
__Lbank0                        bank0        0000
__Lbank1                        bank1        0000
__Lbank2                        bank2        0000
__Lbank3                        bank3        0000
__LbssBANK0                     bssBANK0     0000
__LbssBANK1                     bssBANK1     0000
__LbssBANK3                     bssBANK3     0000
__Lcinit                        cinit        0015
__Lclrtext                      clrtext      0000
__Lcode                         code         0000
__Lcommon                       common       0000
__Lconfig                       config       0000
__LcstackBANK0                  cstackBANK0  0000
__LcstackBANK1                  cstackBANK1  0000
__LcstackBANK3                  cstackBANK3  0000
__LcstackCOMMON                 cstackCOMMON 0000
__LdataBANK0                    dataBANK0    0000
__LdataBANK3                    dataBANK3    0000
__Leeprom_data                  eeprom_data  0000
__Lend_init                     end_init     0012
__Lfunctab                      functab      0000
__LidataBANK0                   idataBANK0   0000
__LidataBANK3                   idataBANK3   0000
__Linit                         init         0012
__Linittext                     inittext     0000
__Lintentry                     intentry     0004
__Lmaintext                     maintext     0000
__Lpowerup                      powerup      0000
__Lram                          ram          0000
__Lreset_vec                    reset_vec    0000
__Lsfr0                         sfr0         0000
__Lsfr1                         sfr1         0000
__Lsfr2                         sfr2         0000
__Lsfr3                         sfr3         0000
__Lspace_0                      (abs)        0000
__Lspace_1                      (abs)        0000
__Lspace_2                      (abs)        0000
__Lspace_3                      (abs)        0000
__Lspace_4                      (abs)        0000
__Lstack                        stack        0000
__Lstrings                      strings      0000
__Ltext                         text         0000
__S0                            (abs)        2000
__S1                            (abs)        01C7
__S2                            (abs)        0000
__S3                            (abs)        0000
__Umul8_16                      text11       1F3E
__Umul8_16@multiplicand         cstackBANK1  00A0
__Umul8_16@multiplier           cstackBANK1  00A8
__Umul8_16@product              cstackBANK1  00A4
__Umul8_16@word_mpld            cstackBANK1  00A6
___awdiv                        text56       134D
___awdiv@counter                cstackCOMMON 0074
___awdiv@dividend               cstackCOMMON 0072
___awdiv@divisor                cstackCOMMON 0070
___awdiv@quotient               cstackCOMMON 0076
___awdiv@sign                   cstackCOMMON 0075
___awmod                        text55       0802
___awmod@counter                cstackCOMMON 0074
___awmod@dividend               cstackCOMMON 0072
___awmod@divisor                cstackCOMMON 0070
___awmod@sign                   cstackCOMMON 0075
___bmul                         text14       07E7
___bmul@multiplicand            cstackBANK1  00A0
___bmul@multiplier              cstackBANK1  00A2
___bmul@product                 cstackBANK1  00A1
___fladd                        text9        0D78
___fladd@a                      cstackBANK1  00A4
___fladd@aexp                   cstackBANK1  00B1
___fladd@b                      cstackBANK1  00A0
___fladd@bexp                   cstackBANK1  00B2
___fladd@grs                    cstackBANK1  00B3
___fladd@signs                  cstackBANK1  00B0
___fldiv                        text12       09B8
___fldiv@a                      cstackBANK1  00C8
___fldiv@aexp                   cstackBANK1  00E1
___fldiv@b                      cstackBANK1  00CC
___fldiv@bexp                   cstackBANK1  00E0
___fldiv@grs                    cstackBANK1  00DC
___fldiv@new_exp                cstackBANK1  00DA
___fldiv@rem                    cstackBANK1  00D5
___fldiv@sign                   cstackBANK1  00D9
___flmul                        text10       004B
___flmul@a                      cstackBANK1  00B2
___flmul@aexp                   cstackBANK1  00BC
___flmul@b                      cstackBANK1  00AE
___flmul@bexp                   cstackBANK1  00C1
___flmul@grs                    cstackBANK1  00BD
___flmul@prod                   cstackBANK1  00C2
___flmul@sign                   cstackBANK1  00BB
___flmul@temp                   cstackBANK1  00C6
___flsub                        text8        1ECB
___flsub@a                      cstackBANK1  00E2
___flsub@b                      cstackBANK1  00E6
___fltol                        text7        15EC
___fltol@exp1                   cstackBANK3  01B2
___fltol@f1                     cstackBANK1  00EA
___fltol@sign1                  cstackBANK3  01B1
___int_sp                       stack        0000
___latbits                      (abs)        0002
___lldiv                        text17       13B4
___lldiv@counter                cstackBANK1  00AD
___lldiv@dividend               cstackBANK1  00A4
___lldiv@divisor                cstackBANK1  00A0
___lldiv@quotient               cstackBANK1  00A9
___sp                           stack        0000
___stackhi                      (abs)        0000
___stacklo                      (abs)        0000
___xxtofl                       text6        1744
___xxtofl@arg                   cstackBANK1  00AA
___xxtofl@exp                   cstackBANK1  00A9
___xxtofl@sign                  cstackBANK1  00A8
___xxtofl@val                   cstackBANK1  00A0
__end_of_ADC_INIT               text18       1E39
__end_of_ADC_Read               text47       115A
__end_of_COOL_turn_off          text34       1D7A
__end_of_COOL_turn_on           text23       1D93
__end_of_Check_WH_mode          text32       1570
__end_of_DISP_Elements          text54       128B
__end_of_DISP_Update            text50       1485
__end_of_EEPROM_Write           text26       1055
__end_of_Get_temp               text41       14F7
__end_of_I2C_Master_init        text16       2000
__end_of_I2C_Start              text29       1DBC
__end_of_I2C_Stop               text28       1DC5
__end_of_I2C_Wait_idle          text30       1DF8
__end_of_I2C_Write              text27       1E18
__end_of_OS_init                text1        1091
__end_of_SDD_Init               text15       1DE1
__end_of_SSD_Blink              text51       1DB3
__end_of_SSD_OUT                text57       1019
__end_of_SSD_SetSSD             text58       1EAB
__end_of_SSD_SetState           text53       1DA2
__end_of_SSD_Toggle             text52       1E61
__end_of_SW_GetState            text37       1E08
__end_of_SW_Init                text13       11A2
__end_of_SW_Update              text48       09B8
__end_of_TMR_Update             text19       1FCA
__end_of_Temp_ten_average       text39       11EB
__end_of_Timer_Start            text4        1E8C
__end_of_Timer_init             text3        1D86
__end_of_Timer_update_reg       text5        07E7
__end_of_Tmepreture_Update      text38       1F94
__end_of_Update_Global_counter  text36       1112
__end_of_Update_OS_Mode         text35       1F3E
__end_of_WH_CL_Init             text2        1DCE
__end_of_WH_Disable             text31       1ECB
__end_of_WH_Save_Last_Temp      text25       1E28
__end_of_WH_Set_temp            text24       10CF
__end_of_WH_Turn_On_Off         text21       12E7
__end_of_WH_Update              text20       1235
__end_of_WH_turn_off            text33       1D80
__end_of_WH_turn_on             text22       1D9A
__end_of__Umul8_16              text11       1F67
__end_of___awdiv                text56       13B4
__end_of___awmod                text55       085B
__end_of___bmul                 text14       07FE
__end_of___fladd                text9        1000
__end_of___fldiv                text12       0B95
__end_of___flmul                text10       03AC
__end_of___flsub                text8        1EEF
__end_of___fltol                text7        168A
__end_of___lldiv                text17       141C
__end_of___xxtofl               text6        1800
__end_of__initialization        cinit        0047
__end_of_main                   maintext     1DD7
__end_ofi1__Umul8_16            text45       1F16
__end_ofi1___bmul               text49       1E76
__end_ofi1___fldiv              text46       0D78
__end_ofi1___flmul              text44       070D
__end_ofi1___fltol              text43       15EC
__end_ofi1___lldiv              text40       134D
__end_ofi1___xxtofl             text42       1744
__initialization                cinit        0015
__pbssBANK0                     bssBANK0     003E
__pbssBANK1                     bssBANK1     00EE
__pbssBANK3                     bssBANK3     0190
__pcstackBANK0                  cstackBANK0  0020
__pcstackBANK1                  cstackBANK1  00A0
__pcstackBANK3                  cstackBANK3  01AD
__pcstackCOMMON                 cstackCOMMON 0070
__pdataBANK0                    dataBANK0    0056
__pdataBANK3                    dataBANK3    01BD
__pidataBANK0                   idataBANK0   1D86
__pidataBANK3                   idataBANK3   1DE1
__pintentry                     intentry     0004
__pmaintext                     maintext     1DCE
__ptext1                        text1        1055
__ptext10                       text10       004B
__ptext11                       text11       1F3E
__ptext12                       text12       09B8
__ptext13                       text13       115A
__ptext14                       text14       07E7
__ptext15                       text15       1DD7
__ptext16                       text16       1FCA
__ptext17                       text17       13B4
__ptext18                       text18       1E28
__ptext19                       text19       1F94
__ptext2                        text2        1DC5
__ptext20                       text20       11EB
__ptext21                       text21       128B
__ptext22                       text22       1D93
__ptext23                       text23       1D8C
__ptext24                       text24       1091
__ptext25                       text25       1E18
__ptext26                       text26       1019
__ptext27                       text27       1E08
__ptext28                       text28       1DBC
__ptext29                       text29       1DB3
__ptext3                        text3        1D80
__ptext30                       text30       1DEB
__ptext31                       text31       1EAB
__ptext32                       text32       14F7
__ptext33                       text33       1D7A
__ptext34                       text34       1D74
__ptext35                       text35       1F16
__ptext36                       text36       10CF
__ptext37                       text37       1DF8
__ptext38                       text38       1F67
__ptext39                       text39       11A2
__ptext4                        text4        1E76
__ptext40                       text40       12E7
__ptext41                       text41       1485
__ptext42                       text42       168A
__ptext43                       text43       1570
__ptext44                       text44       03AC
__ptext45                       text45       1EEF
__ptext46                       text46       0B95
__ptext47                       text47       1112
__ptext48                       text48       085B
__ptext49                       text49       1E61
__ptext5                        text5        070D
__ptext50                       text50       141C
__ptext51                       text51       1DAA
__ptext52                       text52       1E4C
__ptext53                       text53       1D9A
__ptext54                       text54       1235
__ptext55                       text55       0802
__ptext56                       text56       134D
__ptext57                       text57       1002
__ptext58                       text58       1E8C
__ptext6                        text6        1744
__ptext7                        text7        15EC
__ptext8                        text8        1ECB
__ptext9                        text9        0D78
__size_of_ADC_INIT              (abs)        0000
__size_of_ADC_Read              (abs)        0000
__size_of_COOL_turn_off         (abs)        0000
__size_of_COOL_turn_on          (abs)        0000
__size_of_Check_WH_mode         (abs)        0000
__size_of_DISP_Elements         (abs)        0000
__size_of_DISP_Update           (abs)        0000
__size_of_EEPROM_Write          (abs)        0000
__size_of_Get_temp              (abs)        0000
__size_of_I2C_Master_init       (abs)        0000
__size_of_I2C_Start             (abs)        0000
__size_of_I2C_Stop              (abs)        0000
__size_of_I2C_Wait_idle         (abs)        0000
__size_of_I2C_Write             (abs)        0000
__size_of_OS_init               (abs)        0000
__size_of_SDD_Init              (abs)        0000
__size_of_SSD_Blink             (abs)        0000
__size_of_SSD_OUT               (abs)        0000
__size_of_SSD_SetSSD            (abs)        0000
__size_of_SSD_SetState          (abs)        0000
__size_of_SSD_Toggle            (abs)        0000
__size_of_SW_GetState           (abs)        0000
__size_of_SW_Init               (abs)        0000
__size_of_SW_Update             (abs)        0000
__size_of_TMR_Update            (abs)        0000
__size_of_Temp_ten_average      (abs)        0000
__size_of_Timer_Start           (abs)        0000
__size_of_Timer_init            (abs)        0000
__size_of_Timer_update_reg      (abs)        0000
__size_of_Tmepreture_Update     (abs)        0000
__size_of_Update_Global_counter (abs)        0000
__size_of_Update_OS_Mode        (abs)        0000
__size_of_WH_CL_Init            (abs)        0000
__size_of_WH_Disable            (abs)        0000
__size_of_WH_Save_Last_Temp     (abs)        0000
__size_of_WH_Set_temp           (abs)        0000
__size_of_WH_Turn_On_Off        (abs)        0000
__size_of_WH_Update             (abs)        0000
__size_of_WH_turn_off           (abs)        0000
__size_of_WH_turn_on            (abs)        0000
__size_of__Umul8_16             (abs)        0000
__size_of___awdiv               (abs)        0000
__size_of___awmod               (abs)        0000
__size_of___bmul                (abs)        0000
__size_of___fladd               (abs)        0000
__size_of___fldiv               (abs)        0000
__size_of___flmul               (abs)        0000
__size_of___flsub               (abs)        0000
__size_of___fltol               (abs)        0000
__size_of___lldiv               (abs)        0000
__size_of___xxtofl              (abs)        0000
__size_of_main                  (abs)        0000
__size_ofi1__Umul8_16           (abs)        0000
__size_ofi1___bmul              (abs)        0000
__size_ofi1___fldiv             (abs)        0000
__size_ofi1___flmul             (abs)        0000
__size_ofi1___fltol             (abs)        0000
__size_ofi1___lldiv             (abs)        0000
__size_ofi1___xxtofl            (abs)        0000
_flag                           bssBANK0     0055
_g_tick_count                   bssBANK3     019D
_main                           maintext     1DCE
_set_temp                       dataBANK0    005A
_temp_average                   bssBANK0     0050
_voltage                        bssBANK3     01A5
btemp                           (abs)        007E
clear_ram0                      clrtext      1DA2
end_of_initialization           cinit        0047
i1__Umul8_16                    text45       1EEF
i1__Umul8_16@multiplicand       cstackCOMMON 0070
i1__Umul8_16@multiplier         cstackCOMMON 0078
i1__Umul8_16@product            cstackCOMMON 0074
i1__Umul8_16@word_mpld          cstackCOMMON 0076
i1___bmul                       text49       1E61
i1___bmul@multiplicand          cstackCOMMON 0070
i1___bmul@multiplier            cstackCOMMON 0072
i1___bmul@product               cstackCOMMON 0071
i1___fldiv                      text46       0B95
i1___fldiv@a                    cstackCOMMON 0070
i1___fldiv@aexp                 cstackBANK0  002C
i1___fldiv@b                    cstackCOMMON 0074
i1___fldiv@bexp                 cstackBANK0  002B
i1___fldiv@grs                  cstackBANK0  0027
i1___fldiv@new_exp              cstackBANK0  0025
i1___fldiv@rem                  cstackBANK0  0020
i1___fldiv@sign                 cstackBANK0  0024
i1___flmul                      text44       03AC
i1___flmul@a                    cstackBANK0  0024
i1___flmul@aexp                 cstackBANK0  0032
i1___flmul@b                    cstackBANK0  0020
i1___flmul@bexp                 cstackBANK0  0033
i1___flmul@grs                  cstackBANK0  002E
i1___flmul@prod                 cstackBANK0  0034
i1___flmul@sign                 cstackBANK0  002D
i1___flmul@temp                 cstackBANK0  0038
i1___fltol                      text43       1570
i1___fltol@exp1                 cstackBANK0  0036
i1___fltol@f1                   cstackBANK0  002D
i1___fltol@sign1                cstackBANK0  0035
i1___lldiv                      text40       12E7
i1___lldiv@counter              cstackCOMMON 007D
i1___lldiv@dividend             cstackCOMMON 0074
i1___lldiv@divisor              cstackCOMMON 0070
i1___lldiv@quotient             cstackCOMMON 0079
i1___xxtofl                     text42       168A
i1___xxtofl@arg                 cstackCOMMON 007A
i1___xxtofl@exp                 cstackCOMMON 0079
i1___xxtofl@sign                cstackCOMMON 0078
i1___xxtofl@val                 cstackCOMMON 0070
init_fetch0                     inittext     1E39
init_ram0                       inittext     1E3D
interrupt_function              intentry     0004
intlevel0                       functab      0000
intlevel1                       functab      0000
intlevel2                       functab      0000
intlevel3                       functab      0000
intlevel4                       functab      0000
intlevel5                       functab      0000
reset_vec                       reset_vec    0000
saved_w                         (abs)        007E
start                           init         0012
start_initialization            cinit        0015
wtemp0                          (abs)        007E


FUNCTION INFORMATION:

 *************** function _main *****************
 Defined at:
		line 24 in file "main.c"
 Parameters:    Size  Location     Type
		None
 Auto vars:     Size  Location     Type
		None
 Return value:  Size  Location     Type
                  1    wreg      void 
 Registers used:
		wreg, fsr0l, fsr0h, status,2, status,0, btemp+1, pclath, cstack
 Tracked objects:
		On entry : 
		On exit  : 
		Unchanged: 
 Data sizes:     COMMON   BANK0   BANK1   BANK3   BANK2
      Params:         0       0       0       0       0
      Locals:         0       0       0       0       0
      Temps:          0       0       0       0       0
      Totals:         0       0       0       0       0
Total ram usage:        0 bytes
 Hardware stack levels required when called:   11
 This function calls:
		_OS_init
 This function is called by:
		Startup code after reset
 This function uses a non-reentrant model


 *************** function _OS_init *****************
 Defined at:
		line 40 in file "main.c"
 Parameters:    Size  Location     Type
		None
 Auto vars:     Size  Location     Type
		None
 Return value:  Size  Location     Type
                  1    wreg      void 
 Registers used:
		wreg, fsr0l, fsr0h, status,2, status,0, btemp+1, pclath, cstack
 Tracked objects:
		On entry : 
		On exit  : 
		Unchanged: 
 Data sizes:     COMMON   BANK0   BANK1   BANK3   BANK2
      Params:         0       0       0       0       0
      Locals:         0       0       0       0       0
      Temps:          0       0       0       0       0
      Totals:         0       0       0       0       0
Total ram usage:        0 bytes
 Hardware stack levels used:    1
 Hardware stack levels required when called:   10
 This function calls:
		_ADC_INIT
		_I2C_Master_init
		_SDD_Init
		_SW_Init
		_Timer_Start
		_Timer_init
		_WH_CL_Init
 This function is called by:
		_main
 This function uses a non-reentrant model


 *************** function _WH_CL_Init *****************
 Defined at:
		line 28 in file "WH.c"
 Parameters:    Size  Location     Type
		None
 Auto vars:     Size  Location     Type
		None
 Return value:  Size  Location     Type
                  1    wreg      void 
 Registers used:
		wreg, status,2
 Tracked objects:
		On entry : 
		On exit  : 
		Unchanged: 
 Data sizes:     COMMON   BANK0   BANK1   BANK3   BANK2
      Params:         0       0       0       0       0
      Locals:         0       0       0       0       0
      Temps:          0       0       0       0       0
      Totals:         0       0       0       0       0
Total ram usage:        0 bytes
 Hardware stack levels used:    1
 Hardware stack levels required when called:    6
 This function calls:
		Nothing
 This function is called by:
		_OS_init
 This function uses a non-reentrant model


 *************** function _Timer_init *****************
 Defined at:
		line 15 in file "TIMER.c"
 Parameters:    Size  Location     Type
		None
 Auto vars:     Size  Location     Type
		None
 Return value:  Size  Location     Type
                  1    wreg      void 
 Registers used:
		None
 Tracked objects:
		On entry : 
		On exit  : 
		Unchanged: 
 Data sizes:     COMMON   BANK0   BANK1   BANK3   BANK2
      Params:         0       0       0       0       0
      Locals:         0       0       0       0       0
      Temps:          0       0       0       0       0
      Totals:         0       0       0       0       0
Total ram usage:        0 bytes
 Hardware stack levels used:    1
 Hardware stack levels required when called:    6
 This function calls:
		Nothing
 This function is called by:
		_OS_init
 This function uses a non-reentrant model


 *************** function _Timer_Start *****************
 Defined at:
		line 22 in file "TIMER.c"
 Parameters:    Size  Location     Type
  tick_ms         1    wreg     unsigned char 
 Auto vars:     Size  Location     Type
  tick_ms         1   15[BANK3 ] unsigned char 
 Return value:  Size  Location     Type
                  1    wreg      void 
 Registers used:
		wreg, status,2, status,0, btemp+1, pclath, cstack
 Tracked objects:
		On entry : 
		On exit  : 
		Unchanged: 
 Data sizes:     COMMON   BANK0   BANK1   BANK3   BANK2
      Params:         0       0       0       0       0
      Locals:         0       0       0       1       0
      Temps:          0       0       0       0       0
      Totals:         0       0       0       1       0
Total ram usage:        1 bytes
 Hardware stack levels used:    1
 Hardware stack levels required when called:    9
 This function calls:
		_Timer_update_reg
 This function is called by:
		_OS_init
 This function uses a non-reentrant model


 *************** function _Timer_update_reg *****************
 Defined at:
		line 37 in file "TIMER.c"
 Parameters:    Size  Location     Type
  tick_ms         1    wreg     unsigned char 
 Auto vars:     Size  Location     Type
  tick_ms         1   14[BANK3 ] unsigned char 
 Return value:  Size  Location     Type
                  1    wreg      void 
 Registers used:
		wreg, status,2, status,0, btemp+1, pclath, cstack
 Tracked objects:
		On entry : 
		On exit  : 
		Unchanged: 
 Data sizes:     COMMON   BANK0   BANK1   BANK3   BANK2
      Params:         0       0       0       0       0
      Locals:         0       0       0       5       0
      Temps:          0       0       0       4       0
      Totals:         0       0       0       9       0
Total ram usage:        9 bytes
 Hardware stack levels used:    1
 Hardware stack levels required when called:    8
 This function calls:
		___fldiv
		___flmul
		___flsub
		___fltol
		___xxtofl
 This function is called by:
		_Timer_Start
 This function uses a non-reentrant model


 *************** function ___xxtofl *****************
 Defined at:
		line 10 in file "C:\Program Files\Microchip\xc8\v2.20\pic\sources\c90\common\xxtofl.c"
 Parameters:    Size  Location     Type
  sign            1    wreg     unsigned char 
  val             4    0[BANK1 ] long 
 Auto vars:     Size  Location     Type
  sign            1    8[BANK1 ] unsigned char 
  arg             4   10[BANK1 ] unsigned long 
  exp             1    9[BANK1 ] unsigned char 
 Return value:  Size  Location     Type
                  4    0[BANK1 ] unsigned char 
 Registers used:
		wreg, status,2, status,0, btemp+1
 Tracked objects:
		On entry : 
		On exit  : 
		Unchanged: 
 Data sizes:     COMMON   BANK0   BANK1   BANK3   BANK2
      Params:         0       0       4       0       0
      Locals:         0       0       6       0       0
      Temps:          0       0       4       0       0
      Totals:         0       0      14       0       0
Total ram usage:       14 bytes
 Hardware stack levels used:    1
 Hardware stack levels required when called:    6
 This function calls:
		Nothing
 This function is called by:
		_Timer_update_reg
 This function uses a non-reentrant model


 *************** function ___fltol *****************
 Defined at:
		line 43 in file "C:\Program Files\Microchip\xc8\v2.20\pic\sources\c90\common\fltol.c"
 Parameters:    Size  Location     Type
  f1              4   74[BANK1 ] unsigned char 
 Auto vars:     Size  Location     Type
  exp1            1    5[BANK3 ] unsigned char 
  sign1           1    4[BANK3 ] unsigned char 
 Return value:  Size  Location     Type
                  4   74[BANK1 ] long 
 Registers used:
		wreg, status,2, status,0, btemp+1
 Tracked objects:
		On entry : 
		On exit  : 
		Unchanged: 
 Data sizes:     COMMON   BANK0   BANK1   BANK3   BANK2
      Params:         0       0       4       0       0
      Locals:         0       0       0       2       0
      Temps:          0       0       0       4       0
      Totals:         0       0       4       6       0
Total ram usage:       10 bytes
 Hardware stack levels used:    1
 Hardware stack levels required when called:    6
 This function calls:
		Nothing
 This function is called by:
		_Timer_update_reg
 This function uses a non-reentrant model


 *************** function ___flsub *****************
 Defined at:
		line 242 in file "C:\Program Files\Microchip\xc8\v2.20\pic\sources\c90\common\sprcadd.c"
 Parameters:    Size  Location     Type
  a               4   66[BANK1 ] long 
  b               4   70[BANK1 ] long 
 Auto vars:     Size  Location     Type
		None
 Return value:  Size  Location     Type
                  4   66[BANK1 ] long 
 Registers used:
		wreg, status,2, status,0, btemp+1, pclath, cstack
 Tracked objects:
		On entry : 
		On exit  : 
		Unchanged: 
 Data sizes:     COMMON   BANK0   BANK1   BANK3   BANK2
      Params:         0       0       8       0       0
      Locals:         0       0       0       0       0
      Temps:          0       0       0       0       0
      Totals:         0       0       8       0       0
Total ram usage:        8 bytes
 Hardware stack levels used:    1
 Hardware stack levels required when called:    7
 This function calls:
		___fladd
 This function is called by:
		_Timer_update_reg
 This function uses a non-reentrant model


 *************** function ___fladd *****************
 Defined at:
		line 10 in file "C:\Program Files\Microchip\xc8\v2.20\pic\sources\c90\common\sprcadd.c"
 Parameters:    Size  Location     Type
  b               4    0[BANK1 ] long 
  a               4    4[BANK1 ] long 
 Auto vars:     Size  Location     Type
  grs             1   19[BANK1 ] unsigned char 
  bexp            1   18[BANK1 ] unsigned char 
  aexp            1   17[BANK1 ] unsigned char 
  signs           1   16[BANK1 ] unsigned char 
 Return value:  Size  Location     Type
                  4    0[BANK1 ] unsigned char 
 Registers used:
		wreg, status,2, status,0, btemp+1
 Tracked objects:
		On entry : 
		On exit  : 
		Unchanged: 
 Data sizes:     COMMON   BANK0   BANK1   BANK3   BANK2
      Params:         0       0       8       0       0
      Locals:         0       0       4       0       0
      Temps:          0       0       8       0       0
      Totals:         0       0      20       0       0
Total ram usage:       20 bytes
 Hardware stack levels used:    1
 Hardware stack levels required when called:    6
 This function calls:
		Nothing
 This function is called by:
		___flsub
 This function uses a non-reentrant model


 *************** function ___flmul *****************
 Defined at:
		line 8 in file "C:\Program Files\Microchip\xc8\v2.20\pic\sources\c90\common\sprcmul.c"
 Parameters:    Size  Location     Type
  b               4   14[BANK1 ] unsigned char 
  a               4   18[BANK1 ] unsigned char 
 Auto vars:     Size  Location     Type
  prod            4   34[BANK1 ] struct .
  grs             4   29[BANK1 ] unsigned long 
  temp            2   38[BANK1 ] struct .
  bexp            1   33[BANK1 ] unsigned char 
  aexp            1   28[BANK1 ] unsigned char 
  sign            1   27[BANK1 ] unsigned char 
 Return value:  Size  Location     Type
                  4   14[BANK1 ] unsigned char 
 Registers used:
		wreg, status,2, status,0, btemp+1, pclath, cstack
 Tracked objects:
		On entry : 
		On exit  : 
		Unchanged: 
 Data sizes:     COMMON   BANK0   BANK1   BANK3   BANK2
      Params:         0       0       8       0       0
      Locals:         0       0      13       0       0
      Temps:          0       0       5       0       0
      Totals:         0       0      26       0       0
Total ram usage:       26 bytes
 Hardware stack levels used:    1
 Hardware stack levels required when called:    7
 This function calls:
		__Umul8_16
 This function is called by:
		_Timer_update_reg
 This function uses a non-reentrant model


 *************** function __Umul8_16 *****************
 Defined at:
		line 4 in file "C:\Program Files\Microchip\xc8\v2.20\pic\sources\c90\common\Umul8_16.c"
 Parameters:    Size  Location     Type
  multiplier      1    wreg     unsigned char 
  multiplicand    1    0[BANK1 ] unsigned char 
 Auto vars:     Size  Location     Type
  multiplier      1    8[BANK1 ] unsigned char 
  word_mpld       2    6[BANK1 ] unsigned int 
  product         2    4[BANK1 ] unsigned int 
 Return value:  Size  Location     Type
                  2    0[BANK1 ] unsigned int 
 Registers used:
		wreg, status,2, status,0
 Tracked objects:
		On entry : 
		On exit  : 
		Unchanged: 
 Data sizes:     COMMON   BANK0   BANK1   BANK3   BANK2
      Params:         0       0       2       0       0
      Locals:         0       0       5       0       0
      Temps:          0       0       2       0       0
      Totals:         0       0       9       0       0
Total ram usage:        9 bytes
 Hardware stack levels used:    1
 Hardware stack levels required when called:    6
 This function calls:
		Nothing
 This function is called by:
		___flmul
 This function uses a non-reentrant model


 *************** function ___fldiv *****************
 Defined at:
		line 8 in file "C:\Program Files\Microchip\xc8\v2.20\pic\sources\c90\common\sprcdiv.c"
 Parameters:    Size  Location     Type
  a               4   40[BANK1 ] unsigned int 
  b               4   44[BANK1 ] unsigned int 
 Auto vars:     Size  Location     Type
  grs             4   60[BANK1 ] unsigned long 
  rem             4   53[BANK1 ] unsigned long 
  new_exp         2   58[BANK1 ] int 
  aexp            1   65[BANK1 ] unsigned char 
  bexp            1   64[BANK1 ] unsigned char 
  sign            1   57[BANK1 ] unsigned char 
 Return value:  Size  Location     Type
                  4   40[BANK1 ] unsigned char 
 Registers used:
		wreg, status,2, status,0, btemp+1
 Tracked objects:
		On entry : 
		On exit  : 
		Unchanged: 
 Data sizes:     COMMON   BANK0   BANK1   BANK3   BANK2
      Params:         0       0       8       0       0
      Locals:         0       0      13       0       0
      Temps:          0       0       5       0       0
      Totals:         0       0      26       0       0
Total ram usage:       26 bytes
 Hardware stack levels used:    1
 Hardware stack levels required when called:    6
 This function calls:
		Nothing
 This function is called by:
		_Timer_update_reg
 This function uses a non-reentrant model


 *************** function _SW_Init *****************
 Defined at:
		line 22 in file "SW.c"
 Parameters:    Size  Location     Type
		None
 Auto vars:     Size  Location     Type
  index           1    3[BANK1 ] unsigned char 
 Return value:  Size  Location     Type
                  1    wreg      void 
 Registers used:
		wreg, fsr0l, fsr0h, status,2, status,0, btemp+1, pclath, cstack
 Tracked objects:
		On entry : 
		On exit  : 
		Unchanged: 
 Data sizes:     COMMON   BANK0   BANK1   BANK3   BANK2
      Params:         0       0       0       0       0
      Locals:         0       0       1       0       0
      Temps:          0       0       0       0       0
      Totals:         0       0       1       0       0
Total ram usage:        1 bytes
 Hardware stack levels used:    1
 Hardware stack levels required when called:    7
 This function calls:
		___bmul
 This function is called by:
		_OS_init
 This function uses a non-reentrant model


 *************** function ___bmul *****************
 Defined at:
		line 4 in file "C:\Program Files\Microchip\xc8\v2.20\pic\sources\c90\common\Umul8.c"
 Parameters:    Size  Location     Type
  multiplier      1    wreg     unsigned char 
  multiplicand    1    0[BANK1 ] unsigned char 
 Auto vars:     Size  Location     Type
  multiplier      1    2[BANK1 ] unsigned char 
  product         1    1[BANK1 ] unsigned char 
 Return value:  Size  Location     Type
                  1    wreg      unsigned char 
 Registers used:
		wreg, status,2, status,0, btemp+1
 Tracked objects:
		On entry : 
		On exit  : 
		Unchanged: 
 Data sizes:     COMMON   BANK0   BANK1   BANK3   BANK2
      Params:         0       0       1       0       0
      Locals:         0       0       2       0       0
      Temps:          0       0       0       0       0
      Totals:         0       0       3       0       0
Total ram usage:        3 bytes
 Hardware stack levels used:    1
 Hardware stack levels required when called:    6
 This function calls:
		Nothing
 This function is called by:
		_SW_Init
		_SW_GetState
		_SW_Update
 This function uses a non-reentrant model


 *************** function _SDD_Init *****************
 Defined at:
		line 25 in file "SSD.c"
 Parameters:    Size  Location     Type
		None
 Auto vars:     Size  Location     Type
		None
 Return value:  Size  Location     Type
                  1    wreg      void 
 Registers used:
		wreg, status,2
 Tracked objects:
		On entry : 
		On exit  : 
		Unchanged: 
 Data sizes:     COMMON   BANK0   BANK1   BANK3   BANK2
      Params:         0       0       0       0       0
      Locals:         0       0       2       0       0
      Temps:          0       0       0       0       0
      Totals:         0       0       2       0       0
Total ram usage:        2 bytes
 Hardware stack levels used:    1
 Hardware stack levels required when called:    6
 This function calls:
		Nothing
 This function is called by:
		_OS_init
 This function uses a non-reentrant model


 *************** function _I2C_Master_init *****************
 Defined at:
		line 8 in file "I2C.c"
 Parameters:    Size  Location     Type
  baud            4   14[BANK1 ] const unsigned long 
 Auto vars:     Size  Location     Type
		None
 Return value:  Size  Location     Type
                  1    wreg      void 
 Registers used:
		wreg, status,2, status,0, btemp+1, pclath, cstack
 Tracked objects:
		On entry : 
		On exit  : 
		Unchanged: 
 Data sizes:     COMMON   BANK0   BANK1   BANK3   BANK2
      Params:         0       0       4       0       0
      Locals:         0       0       0       0       0
      Temps:          0       0       4       0       0
      Totals:         0       0       8       0       0
Total ram usage:        8 bytes
 Hardware stack levels used:    1
 Hardware stack levels required when called:    7
 This function calls:
		___lldiv
 This function is called by:
		_OS_init
 This function uses a non-reentrant model


 *************** function ___lldiv *****************
 Defined at:
		line 5 in file "C:\Program Files\Microchip\xc8\v2.20\pic\sources\c90\common\__lldiv.c"
 Parameters:    Size  Location     Type
  divisor         4    0[BANK1 ] unsigned long 
  dividend        4    4[BANK1 ] unsigned long 
 Auto vars:     Size  Location     Type
  quotient        4    9[BANK1 ] unsigned long 
  counter         1   13[BANK1 ] unsigned char 
 Return value:  Size  Location     Type
                  4    0[BANK1 ] unsigned long 
 Registers used:
		wreg, status,2, status,0, btemp+1
 Tracked objects:
		On entry : 
		On exit  : 
		Unchanged: 
 Data sizes:     COMMON   BANK0   BANK1   BANK3   BANK2
      Params:         0       0       8       0       0
      Locals:         0       0       5       0       0
      Temps:          0       0       1       0       0
      Totals:         0       0      14       0       0
Total ram usage:       14 bytes
 Hardware stack levels used:    1
 Hardware stack levels required when called:    6
 This function calls:
		Nothing
 This function is called by:
		_I2C_Master_init
 This function uses a non-reentrant model


 *************** function _ADC_INIT *****************
 Defined at:
		line 5 in file "ADC.c"
 Parameters:    Size  Location     Type
		None
 Auto vars:     Size  Location     Type
		None
 Return value:  Size  Location     Type
                  1    wreg      void 
 Registers used:
		None
 Tracked objects:
		On entry : 
		On exit  : 
		Unchanged: 
 Data sizes:     COMMON   BANK0   BANK1   BANK3   BANK2
      Params:         0       0       0       0       0
      Locals:         0       0       0       0       0
      Temps:          0       0       0       0       0
      Totals:         0       0       0       0       0
Total ram usage:        0 bytes
 Hardware stack levels used:    1
 Hardware stack levels required when called:    6
 This function calls:
		Nothing
 This function is called by:
		_OS_init
		_TEMP_Init
 This function uses a non-reentrant model


 *************** function _TMR_Update *****************
 Defined at:
		line 53 in file "TIMER.c"
 Parameters:    Size  Location     Type
		None
 Auto vars:     Size  Location     Type
		None
 Return value:  Size  Location     Type
                  1    wreg      void 
 Registers used:
		wreg, fsr0l, fsr0h, status,2, status,0, btemp+1, pclath, cstack
 Tracked objects:
		On entry : 
		On exit  : 
		Unchanged: 
 Data sizes:     COMMON   BANK0   BANK1   BANK3   BANK2
      Params:         0       0       0       0       0
      Locals:         0       0       0       0       0
      Temps:          0       4       0       0       0
      Totals:         0       4       0       0       0
Total ram usage:        4 bytes
 Hardware stack levels used:    1
 Hardware stack levels required when called:    5
 This function calls:
		_DISP_Update
		_SW_Update
		_Tmepreture_Update
		_Update_Global_counter
		_Update_OS_Mode
		_WH_Update
 This function is called by:
		Interrupt level 1
 This function uses a non-reentrant model


 *************** function _WH_Update *****************
 Defined at:
		line 34 in file "WH.c"
 Parameters:    Size  Location     Type
		None
 Auto vars:     Size  Location     Type
		None
 Return value:  Size  Location     Type
                  1    wreg      void 
 Registers used:
		wreg, fsr0l, fsr0h, status,2, status,0, btemp+1, pclath, cstack
 Tracked objects:
		On entry : 
		On exit  : 
		Unchanged: 
 Data sizes:     COMMON   BANK0   BANK1   BANK3   BANK2
      Params:         0       0       0       0       0
      Locals:         0       0       0       0       0
      Temps:          0       0       0       0       0
      Totals:         0       0       0       0       0
Total ram usage:        0 bytes
 Hardware stack levels used:    1
 Hardware stack levels required when called:    4
 This function calls:
		_Check_WH_mode
		_WH_Disable
		_WH_Save_Last_Temp
		_WH_Set_temp
		_WH_Turn_On_Off
 This function is called by:
		_TMR_Update
 This function uses a non-reentrant model


 *************** function _WH_Turn_On_Off *****************
 Defined at:
		line 89 in file "WH.c"
 Parameters:    Size  Location     Type
		None
 Auto vars:     Size  Location     Type
		None
 Return value:  Size  Location     Type
                  1    wreg      void 
 Registers used:
		wreg, status,2, status,0, pclath, cstack
 Tracked objects:
		On entry : 
		On exit  : 
		Unchanged: 
 Data sizes:     COMMON   BANK0   BANK1   BANK3   BANK2
      Params:         0       0       0       0       0
      Locals:         0       0       0       0       0
      Temps:          6       0       0       0       0
      Totals:         6       0       0       0       0
Total ram usage:        6 bytes
 Hardware stack levels used:    1
 Hardware stack levels required when called:    1
 This function calls:
		_COOL_turn_off
		_COOL_turn_on
		_WH_turn_off
		_WH_turn_on
 This function is called by:
		_WH_Update
 This function uses a non-reentrant model


 *************** function _WH_turn_on *****************
 Defined at:
		line 179 in file "WH.c"
 Parameters:    Size  Location     Type
		None
 Auto vars:     Size  Location     Type
		None
 Return value:  Size  Location     Type
                  1    wreg      void 
 Registers used:
		wreg, status,2
 Tracked objects:
		On entry : 
		On exit  : 
		Unchanged: 
 Data sizes:     COMMON   BANK0   BANK1   BANK3   BANK2
      Params:         0       0       0       0       0
      Locals:         0       0       0       0       0
      Temps:          0       0       0       0       0
      Totals:         0       0       0       0       0
Total ram usage:        0 bytes
 Hardware stack levels used:    1
 This function calls:
		Nothing
 This function is called by:
		_WH_Turn_On_Off
 This function uses a non-reentrant model


 *************** function _COOL_turn_on *****************
 Defined at:
		line 189 in file "WH.c"
 Parameters:    Size  Location     Type
		None
 Auto vars:     Size  Location     Type
		None
 Return value:  Size  Location     Type
                  1    wreg      void 
 Registers used:
		wreg, status,2
 Tracked objects:
		On entry : 
		On exit  : 
		Unchanged: 
 Data sizes:     COMMON   BANK0   BANK1   BANK3   BANK2
      Params:         0       0       0       0       0
      Locals:         0       0       0       0       0
      Temps:          0       0       0       0       0
      Totals:         0       0       0       0       0
Total ram usage:        0 bytes
 Hardware stack levels used:    1
 This function calls:
		Nothing
 This function is called by:
		_WH_Turn_On_Off
 This function uses a non-reentrant model


 *************** function _WH_Set_temp *****************
 Defined at:
		line 60 in file "WH.c"
 Parameters:    Size  Location     Type
		None
 Auto vars:     Size  Location     Type
		None
 Return value:  Size  Location     Type
                  1    wreg      void 
 Registers used:
		wreg, fsr0l, fsr0h, status,2, status,0, btemp+1, pclath, cstack
 Tracked objects:
		On entry : 
		On exit  : 
		Unchanged: 
 Data sizes:     COMMON   BANK0   BANK1   BANK3   BANK2
      Params:         0       0       0       0       0
      Locals:         0       0       0       0       0
      Temps:          0       0       0       0       0
      Totals:         0       0       0       0       0
Total ram usage:        0 bytes
 Hardware stack levels used:    1
 Hardware stack levels required when called:    2
 This function calls:
		_SW_GetState
 This function is called by:
		_WH_Update
 This function uses a non-reentrant model


 *************** function _WH_Save_Last_Temp *****************
 Defined at:
		line 84 in file "WH.c"
 Parameters:    Size  Location     Type
		None
 Auto vars:     Size  Location     Type
		None
 Return value:  Size  Location     Type
                  1    wreg      void 
 Registers used:
		wreg, status,2, status,0, btemp+1, pclath, cstack
 Tracked objects:
		On entry : 
		On exit  : 
		Unchanged: 
 Data sizes:     COMMON   BANK0   BANK1   BANK3   BANK2
      Params:         0       0       0       0       0
      Locals:         0       0       0       0       0
      Temps:          0       0       0       0       0
      Totals:         0       0       0       0       0
Total ram usage:        0 bytes
 Hardware stack levels used:    1
 Hardware stack levels required when called:    3
 This function calls:
		_EEPROM_Write
 This function is called by:
		_WH_Update
 This function uses a non-reentrant model


 *************** function _EEPROM_Write *****************
 Defined at:
		line 4 in file "EEPROM.c"
 Parameters:    Size  Location     Type
  add             2    1[COMMON] unsigned int 
  data            1    3[COMMON] unsigned char 
 Auto vars:     Size  Location     Type
  ADDRL           1    5[COMMON] unsigned char 
  ADDRH           1    4[COMMON] unsigned char 
 Return value:  Size  Location     Type
                  1    wreg      void 
 Registers used:
		wreg, status,2, status,0, btemp+1, pclath, cstack
 Tracked objects:
		On entry : 
		On exit  : 
		Unchanged: 
 Data sizes:     COMMON   BANK0   BANK1   BANK3   BANK2
      Params:         3       0       0       0       0
      Locals:         2       0       0       0       0
      Temps:          0       0       0       0       0
      Totals:         5       0       0       0       0
Total ram usage:        5 bytes
 Hardware stack levels used:    1
 Hardware stack levels required when called:    2
 This function calls:
		_I2C_Start
		_I2C_Stop
		_I2C_Write
[...]
 Return value:  Size  Location     Type
                  4    0[BANK0 ] unsigned char 
 Registers used:
		wreg, status,2, status,0, btemp+1, pclath, cstack
 Tracked objects:
		On entry : 
		On exit  : 
		Unchanged: 
 Data sizes:     COMMON   BANK0   BANK1   BANK3   BANK2
      Params:         0       8       0       0       0
      Locals:         0      13       0       0       0
      Temps:          0       5       0       0       0
      Totals:         0      26       0       0       0
Total ram usage:       26 bytes
 Hardware stack levels used:    1
 Hardware stack levels required when called:    1
 This function calls:
		i1__Umul8_16
 This function is called by:
		_Get_temp
 This function uses a non-reentrant model


 *************** function i1__Umul8_16 *****************
 Defined at:
		line 4 in file "C:\Program Files\Microchip\xc8\v2.20\pic\sources\c90\common\Umul8_16.c"
 Parameters:    Size  Location     Type
  multiplier      1    wreg     unsigned char 
  multiplicand    1    0[COMMON] unsigned char 
 Auto vars:     Size  Location     Type
  multiplier      1    8[COMMON] unsigned char 
  word_mpld       2    6[COMMON] unsigned int 
  product         2    4[COMMON] unsigned int 
 Return value:  Size  Location     Type
                  2    0[COMMON] unsigned int 
 Registers used:
		wreg, status,2, status,0
 Tracked objects:
		On entry : 
		On exit  : 
		Unchanged: 
 Data sizes:     COMMON   BANK0   BANK1   BANK3   BANK2
      Params:         2       0       0       0       0
      Locals:         5       0       0       0       0
      Temps:          2       0       0       0       0
      Totals:         9       0       0       0       0
Total ram usage:        9 bytes
 Hardware stack levels used:    1
 This function calls:
		Nothing
 This function is called by:
		i1___flmul
 This function uses a non-reentrant model


 *************** function i1___fldiv *****************
 Defined at:
		line 8 in file "C:\Program Files\Microchip\xc8\v2.20\pic\sources\c90\common\sprcdiv.c"
 Parameters:    Size  Location     Type
  a               4    0[COMMON] unsigned int 
  b               4    4[COMMON] unsigned int 
 Auto vars:     Size  Location     Type
  grs             4    7[BANK0 ] unsigned long 
  rem             4    0[BANK0 ] unsigned long 
  new_exp         2    5[BANK0 ] int 
  aexp            1   12[BANK0 ] unsigned char 
  bexp            1   11[BANK0 ] unsigned char 
  sign            1    4[BANK0 ] unsigned char 
 Return value:  Size  Location     Type
                  4    0[COMMON] unsigned char 
 Registers used:
		wreg, status,2, status,0, btemp+1
 Tracked objects:
		On entry : 
		On exit  : 
		Unchanged: 
 Data sizes:     COMMON   BANK0   BANK1   BANK3   BANK2
      Params:         8       0       0       0       0
      Locals:         0      13       0       0       0
      Temps:          5       0       0       0       0
      Totals:        13      13       0       0       0
Total ram usage:       26 bytes
 Hardware stack levels used:    1
 This function calls:
		Nothing
 This function is called by:
		_Get_temp
 This function uses a non-reentrant model


 *************** function _ADC_Read *****************
 Defined at:
		line 12 in file "ADC.c"
 Parameters:    Size  Location     Type
  Channel         1    wreg     unsigned char 
 Auto vars:     Size  Location     Type
  Channel         1    5[COMMON] unsigned char 
  ret             2    3[COMMON] unsigned int 
 Return value:  Size  Location     Type
                  2    0[COMMON] unsigned int 
 Registers used:
		wreg, status,2, status,0
 Tracked objects:
		On entry : 
		On exit  : 
		Unchanged: 
 Data sizes:     COMMON   BANK0   BANK1   BANK3   BANK2
      Params:         2       0       0       0       0
      Locals:         3       0       0       0       0
      Temps:          1       0       0       0       0
      Totals:         6       0       0       0       0
Total ram usage:        6 bytes
 Hardware stack levels used:    1
 This function calls:
		Nothing
 This function is called by:
		_Get_temp
 This function uses a non-reentrant model


 *************** function _SW_Update *****************
 Defined at:
		line 44 in file "SW.c"
 Parameters:    Size  Location     Type
		None
 Auto vars:     Size  Location     Type
  index           1    4[COMMON] unsigned char 
 Return value:  Size  Location     Type
                  1    wreg      void 
 Registers used:
		wreg, fsr0l, fsr0h, status,2, status,0, btemp+1, pclath, cstack
 Tracked objects:
		On entry : 
		On exit  : 
		Unchanged: 
 Data sizes:     COMMON   BANK0   BANK1   BANK3   BANK2
      Params:         0       0       0       0       0
      Locals:         1       0       0       0       0
      Temps:          1       0       0       0       0
      Totals:         2       0       0       0       0
Total ram usage:        2 bytes
 Hardware stack levels used:    1
 Hardware stack levels required when called:    1
 This function calls:
		i1___bmul
 This function is called by:
		_TMR_Update
 This function uses a non-reentrant model


 *************** function i1___bmul *****************
 Defined at:
		line 4 in file "C:\Program Files\Microchip\xc8\v2.20\pic\sources\c90\common\Umul8.c"
 Parameters:    Size  Location     Type
  multiplier      1    wreg     unsigned char 
  multiplicand    1    0[COMMON] unsigned char 
 Auto vars:     Size  Location     Type
  multiplier      1    2[COMMON] unsigned char 
  product         1    1[COMMON] unsigned char 
 Return value:  Size  Location     Type
                  1    wreg      unsigned char 
 Registers used:
		wreg, status,2, status,0, btemp+1
 Tracked objects:
		On entry : 
		On exit  : 
		Unchanged: 
 Data sizes:     COMMON   BANK0   BANK1   BANK3   BANK2
      Params:         1       0       0       0       0
      Locals:         2       0       0       0       0
      Temps:          0       0       0       0       0
      Totals:         3       0       0       0       0
Total ram usage:        3 bytes
 Hardware stack levels used:    1
 This function calls:
		Nothing
 This function is called by:
		_SW_GetState
		_SW_Update
 This function uses a non-reentrant model


 *************** function _DISP_Update *****************
 Defined at:
		line 32 in file "SSD.c"
 Parameters:    Size  Location     Type
		None
 Auto vars:     Size  Location     Type
		None
 Return value:  Size  Location     Type
                  1    wreg      void 
 Registers used:
		wreg, fsr0l, fsr0h, status,2, status,0, btemp+1, pclath, cstack
 Tracked objects:
		On entry : 
		On exit  : 
		Unchanged: 
 Data sizes:     COMMON   BANK0   BANK1   BANK3   BANK2
      Params:         0       0       0       0       0
      Locals:         0       0       0       0       0
      Temps:          0       0       0       0       0
      Totals:         0       0       0       0       0
Total ram usage:        0 bytes
 Hardware stack levels used:    1
 Hardware stack levels required when called:    3
 This function calls:
		_DISP_Elements
		_SSD_Blink
 This function is called by:
		_TMR_Update
 This function uses a non-reentrant model


 *************** function _SSD_Blink *****************
 Defined at:
		line 104 in file "SSD.c"
 Parameters:    Size  Location     Type
		None
 Auto vars:     Size  Location     Type
		None
 Return value:  Size  Location     Type
                  1    wreg      void 
 Registers used:
		wreg, status,2, status,0, btemp+1, pclath, cstack
 Tracked objects:
		On entry : 
		On exit  : 
		Unchanged: 
 Data sizes:     COMMON   BANK0   BANK1   BANK3   BANK2
      Params:         0       0       0       0       0
      Locals:         0       0       0       0       0
      Temps:          0       0       0       0       0
      Totals:         0       0       0       0       0
Total ram usage:        0 bytes
 Hardware stack levels used:    1
 Hardware stack levels required when called:    2
 This function calls:
		_SSD_Toggle
 This function is called by:
		_DISP_Update
 This function uses a non-reentrant model


 *************** function _SSD_Toggle *****************
 Defined at:
		line 69 in file "SSD.c"
 Parameters:    Size  Location     Type
		None
 Auto vars:     Size  Location     Type
		None
 Return value:  Size  Location     Type
                  1    wreg      void 
 Registers used:
		wreg, status,2, status,0, btemp+1, pclath, cstack
 Tracked objects:
		On entry : 
		On exit  : 
		Unchanged: 
 Data sizes:     COMMON   BANK0   BANK1   BANK3   BANK2
      Params:         0       0       0       0       0
      Locals:         0       0       0       0       0
      Temps:          0       0       0       0       0
      Totals:         0       0       0       0       0
Total ram usage:        0 bytes
 Hardware stack levels used:    1
 Hardware stack levels required when called:    1
 This function calls:
		_SSD_SetState
 This function is called by:
		_SSD_Blink
 This function uses a non-reentrant model


 *************** function _SSD_SetState *****************
 Defined at:
		line 99 in file "SSD.c"
 Parameters:    Size  Location     Type
  state           1    wreg     enum E885
 Auto vars:     Size  Location     Type
  state           1    0[COMMON] enum E885
 Return value:  Size  Location     Type
                  1    wreg      void 
 Registers used:
		wreg, btemp+1
 Tracked objects:
		On entry : 
		On exit  : 
		Unchanged: 
 Data sizes:     COMMON   BANK0   BANK1   BANK3   BANK2
      Params:         0       0       0       0       0
      Locals:         1       0       0       0       0
      Temps:          0       0       0       0       0
      Totals:         1       0       0       0       0
Total ram usage:        1 bytes
 Hardware stack levels used:    1
 This function calls:
		Nothing
 This function is called by:
		_SSD_Toggle
 This function uses a non-reentrant model


 *************** function _DISP_Elements *****************
 Defined at:
		line 121 in file "SSD.c"
 Parameters:    Size  Location     Type
  var             1    wreg     unsigned char 
 Auto vars:     Size  Location     Type
  var             1   12[COMMON] unsigned char 
 Return value:  Size  Location     Type
                  1    wreg      void 
 Registers used:
		wreg, fsr0l, fsr0h, status,2, status,0, btemp+1, pclath, cstack
 Tracked objects:
		On entry : 
		On exit  : 
		Unchanged: 
 Data sizes:     COMMON   BANK0   BANK1   BANK3   BANK2
      Params:         0       0       0       0       0
      Locals:         1       0       0       0       0
      Temps:          2       0       0       0       0
      Totals:         3       0       0       0       0
Total ram usage:        3 bytes
 Hardware stack levels used:    1
 Hardware stack levels required when called:    2
 This function calls:
		_SSD_OUT
		___awdiv
		___awmod
 This function is called by:
		_DISP_Update
 This function uses a non-reentrant model


 *************** function ___awmod *****************
 Defined at:
		line 5 in file "C:\Program Files\Microchip\xc8\v2.20\pic\sources\c90\common\awmod.c"
 Parameters:    Size  Location     Type
  divisor         2    0[COMMON] int 
  dividend        2    2[COMMON] int 
 Auto vars:     Size  Location     Type
  sign            1    5[COMMON] unsigned char 
  counter         1    4[COMMON] unsigned char 
 Return value:  Size  Location     Type
                  2    0[COMMON] int 
 Registers used:
		wreg, status,2, status,0, btemp+1
 Tracked objects:
		On entry : 
		On exit  : 
		Unchanged: 
 Data sizes:     COMMON   BANK0   BANK1   BANK3   BANK2
      Params:         4       0       0       0       0
      Locals:         2       0       0       0       0
      Temps:          0       0       0       0       0
      Totals:         6       0       0       0       0
Total ram usage:        6 bytes
 Hardware stack levels used:    1
 This function calls:
		Nothing
 This function is called by:
		_DISP_Elements
 This function uses a non-reentrant model


 *************** function ___awdiv *****************
 Defined at:
		line 5 in file "C:\Program Files\Microchip\xc8\v2.20\pic\sources\c90\common\awdiv.c"
 Parameters:    Size  Location     Type
  divisor         2    0[COMMON] int 
  dividend        2    2[COMMON] int 
 Auto vars:     Size  Location     Type
  quotient        2    6[COMMON] int 
  sign            1    5[COMMON] unsigned char 
  counter         1    4[COMMON] unsigned char 
 Return value:  Size  Location     Type
                  2    0[COMMON] int 
 Registers used:
		wreg, status,2, status,0, btemp+1
 Tracked objects:
		On entry : 
		On exit  : 
		Unchanged: 
 Data sizes:     COMMON   BANK0   BANK1   BANK3   BANK2
      Params:         4       0       0       0       0
      Locals:         4       0       0       0       0
      Temps:          0       0       0       0       0
      Totals:         8       0       0       0       0
Total ram usage:        8 bytes
 Hardware stack levels used:    1
 This function calls:
		Nothing
 This function is called by:
		_DISP_Elements
 This function uses a non-reentrant model


 *************** function _SSD_OUT *****************
 Defined at:
		line 110 in file "SSD.c"
 Parameters:    Size  Location     Type
  Data            1    wreg     unsigned char 
  ssd             1    8[COMMON] unsigned char 
 Auto vars:     Size  Location     Type
  Data            1    9[COMMON] unsigned char 
 Return value:  Size  Location     Type
                  1    wreg      void 
 Registers used:
		wreg, fsr0l, fsr0h, status,2, status,0, pclath, cstack
 Tracked objects:
		On entry : 
		On exit  : 
		Unchanged: 
 Data sizes:     COMMON   BANK0   BANK1   BANK3   BANK2
      Params:         1       0       0       0       0
      Locals:         1       0       0       0       0
      Temps:          0       0       0       0       0
      Totals:         2       0       0       0       0
Total ram usage:        2 bytes
 Hardware stack levels used:    1
 Hardware stack levels required when called:    1
 This function calls:
		_SSD_SetSSD
 This function is called by:
		_DISP_Elements
 This function uses a non-reentrant model


 *************** function _SSD_SetSSD *****************
 Defined at:
		line 81 in file "SSD.c"
 Parameters:    Size  Location     Type
  ssd             1    wreg     unsigned char 
 Auto vars:     Size  Location     Type
  ssd             1    0[COMMON] unsigned char 
 Return value:  Size  Location     Type
                  1    wreg      void 
 Registers used:
		wreg, fsr0l, fsr0h, status,2, status,0
 Tracked objects:
		On entry : 
		On exit  : 
		Unchanged: 
 Data sizes:     COMMON   BANK0   BANK1   BANK3   BANK2
      Params:         0       0       0       0       0
      Locals:         1       0       0       0       0
      Temps:          0       0       0       0       0
      Totals:         1       0       0       0       0
Total ram usage:        1 bytes
 Hardware stack levels used:    1
 This function calls:
		Nothing
 This function is called by:
		_SSD_OUT
 This function uses a non-reentrant model



MODULE INFORMATION

Module		Function		Class		Link	Load	Size
SW.c
		_SW_Init       		CODE           	115A	0000	73
		_SW_GetState   		CODE           	1DF8	0000	17
		_SW_Update     		CODE           	085B	0000	350

SW.c estimated size: 440

TIMER.c
		_Timer_Start   		CODE           	1E76	0000	23
		_Timer_init    		CODE           	1D80	0000	7
		_TMR_Update    		CODE           	1F94	0000	55
		_Timer_update_reg		CODE           	070D	0000	219

TIMER.c estimated size: 304

C:\Program Files\Microchip\xc8\v2.20\pic\sources\c90\common\__lldiv.c
		___lldiv       		CODE           	13B4	0000	105

C:\Program Files\Microchip\xc8\v2.20\pic\sources\c90\common\__lldiv.c estimated size: 105

SSD.c
		_SDD_Init      		CODE           	1DD7	0000	11
		_DISP_Elements 		CODE           	1235	0000	87
		_SSD_Toggle    		CODE           	1E4C	0000	22
		_SSD_OUT       		CODE           	1002	0000	24
		_DISP_Update   		CODE           	141C	0000	106
		_SSD_Blink     		CODE           	1DAA	0000	10
		_SSD_SetSSD    		CODE           	1E8C	0000	32
		_SSD_SetState  		CODE           	1D9A	0000	9

SSD.c estimated size: 301

C:\Program Files\Microchip\xc8\v2.20\pic\sources\c90\common\Umul8_16.c
		__Umul8_16     		CODE           	1F3E	0000	42

C:\Program Files\Microchip\xc8\v2.20\pic\sources\c90\common\Umul8_16.c estimated size: 42

C:\Program Files\Microchip\xc8\v2.20\pic\sources\c90\common\sprcadd.c
		___flsub       		CODE           	1ECB	0000	37
		___fladd       		CODE           	0D78	0000	649

C:\Program Files\Microchip\xc8\v2.20\pic\sources\c90\common\sprcadd.c estimated size: 686

WH.c
		_Update_Global_counter		CODE           	10CF	0000	68
		_WH_Turn_On_Off		CODE           	128B	0000	93
		_COOL_turn_on  		CODE           	1D8C	0000	8
		_COOL_turn_off 		CODE           	1D74	0000	7
		_WH_Update     		CODE           	11EB	0000	75
		_Update_OS_Mode		CODE           	1F16	0000	41
		_WH_CL_Init    		CODE           	1DC5	0000	10
		_WH_Set_temp   		CODE           	1091	0000	63
		_WH_turn_on    		CODE           	1D93	0000	8
		_WH_turn_off   		CODE           	1D7A	0000	7
		_WH_Save_Last_Temp		CODE           	1E18	0000	17
		_WH_Disable    		CODE           	1EAB	0000	33
		_Check_WH_mode 		CODE           	14F7	0000	122

WH.c estimated size: 552

I2C.c
		_I2C_Master_init		CODE           	1FCA	0000	55
		_I2C_Write     		CODE           	1E08	0000	17
		_I2C_Stop      		CODE           	1DBC	0000	10
		_I2C_Wait_idle 		CODE           	1DEB	0000	14
		_I2C_Start     		CODE           	1DB3	0000	10

I2C.c estimated size: 106

C:\Program Files\Microchip\xc8\v2.20\pic\sources\c90\common\xxtofl.c
		___xxtofl      		CODE           	1744	0000	189

C:\Program Files\Microchip\xc8\v2.20\pic\sources\c90\common\xxtofl.c estimated size: 189

EEPROM.c
		_EEPROM_Write  		CODE           	1019	0000	61

EEPROM.c estimated size: 61

C:\Program Files\Microchip\xc8\v2.20\pic\sources\c90\common\awmod.c
		___awmod       		CODE           	0802	0000	90

C:\Program Files\Microchip\xc8\v2.20\pic\sources\c90\common\awmod.c estimated size: 90

shared
		i1__Umul8_16   		CODE           	1EEF	0000	40
		i1___fldiv     		CODE           	0B95	0000	484
		i1___fltol     		CODE           	1570	0000	125
		i1___lldiv     		CODE           	12E7	0000	103
		__initialization		CODE           	0015	0000	51
		i1___flmul     		CODE           	03AC	0000	866
		i1___xxtofl    		CODE           	168A	0000	187
		i1___bmul      		CODE           	1E61	0000	22

shared estimated size: 1878

ADC.c
		_ADC_Read      		CODE           	1112	0000	73
		_ADC_INIT      		CODE           	1E28	0000	18

ADC.c estimated size: 91

C:\Program Files\Microchip\xc8\v2.20\pic\sources\c90\common\fltol.c
		___fltol       		CODE           	15EC	0000	159

C:\Program Files\Microchip\xc8\v2.20\pic\sources\c90\common\fltol.c estimated size: 159

C:\Program Files\Microchip\xc8\v2.20\pic\sources\c90\common\Umul8.c
		___bmul        		CODE           	07E7	0000	24

C:\Program Files\Microchip\xc8\v2.20\pic\sources\c90\common\Umul8.c estimated size: 24

C:\Program Files\Microchip\xc8\v2.20\pic\sources\c90\common\sprcmul.c
		___flmul       		CODE           	004B	0000	866

C:\Program Files\Microchip\xc8\v2.20\pic\sources\c90\common\sprcmul.c estimated size: 866

main.c
		_main          		CODE           	1DCE	0000	10
		_OS_init       		CODE           	1055	0000	61

main.c estimated size: 71

C:\Program Files\Microchip\xc8\v2.20\pic\sources\c90\common\sprcdiv.c
		___fldiv       		CODE           	09B8	0000	478

C:\Program Files\Microchip\xc8\v2.20\pic\sources\c90\common\sprcdiv.c estimated size: 478

TEMPRETURE.c
		_Temp_ten_average		CODE           	11A2	0000	74
		_Tmepreture_Update		CODE           	1F67	0000	46
		_Get_temp      		CODE           	1485	0000	115

TEMPRETURE.c estimated size: 235

C:\Program Files\Microchip\xc8\v2.20\pic\sources\c90\common\awdiv.c
		___awdiv       		CODE           	134D	0000	104

C:\Program Files\Microchip\xc8\v2.20\pic\sources\c90\common\awdiv.c estimated size: 104

