Microchip MPLAB XC8 Compiler V2.20

Linker command line:

-W-3 --edf=C:\Program Files\Microchip\xc8\v2.20\pic\dat\en_msgs.txt -cn \
  -h+dist/default/production\TEST.X.production.sym \
  --cmf=dist/default/production\TEST.X.production.cmf -z -Q16F877A \
  -oC:\Users\MOHAME~1\AppData\Local\Temp\seh8.2 --defsym=__MPLAB_BUILD=1 \
  -Mdist/default/production/TEST.X.production.map -E1 -ver=XC8 Compiler \
  --acfsm=1493 -ASTACK=0110h-016Fh -pstack=STACK -ACODE=00h-07FFhx4 \
  -ASTRCODE=00h-01FFFh -ASTRING=00h-0FFhx32 -ACONST=00h-0FFhx32 \
  -AENTRY=00h-0FFhx32 -ACOMMON=070h-07Fh -ABANK0=020h-06Fh \
  -ABANK1=0A0h-0EFh -ABANK2=0110h-016Fh -ABANK3=0190h-01EFh \
  -ARAM=020h-06Fh,0A0h-0EFh,0110h-016Fh,0190h-01EFh \
  -AABS1=020h-07Fh,0A0h-0EFh,0110h-016Fh,0190h-01EFh -ASFR0=00h-01Fh \
  -ASFR1=080h-09Fh -ASFR2=0100h-010Fh -ASFR3=0180h-018Fh \
  -ACONFIG=02007h-02007h -DCONFIG=2 -AIDLOC=02000h-02003h -DIDLOC=2 \
  -preset_vec=00h,intentry=04h,init,end_init -ppowerup=CODE -pcinit=CODE \
  -pfunctab=ENTRY -AEEDATA=00h-0FFh/02100h -peeprom_data=EEDATA -DEEDATA=2 \
  -DCODE=2 -DSTRCODE=2 -DSTRING=2 -DCONST=2 -DENTRY=2 -k \
  C:\Users\MOHAME~1\AppData\Local\Temp\seh8.o \
  dist/default/production\TEST.X.production.o 

Object code version is 3.11

Machine type is 16F877A



                Name                               Link     Load   Length Selector   Space Scale
C:\Users\MOHAME~1\AppData\Local\Temp\seh8.o
                end_init                             12       12        3        8       0
                reset_vec                             0        0        3        0       0
                config                             2007     2007        1        0       4
dist/default/production\TEST.X.production.o
                cinit                                15       15       36        8       0
                intentry                              4        4        E        8       0
                config                             2007     2007        1        0       4
                text67                             1DB1     1DB1       1F     3B62       0
                text66                             1D4F     1D4F       17     3A9E       0
                text65                             1262     1262       67     24C4       0
                text64                              802      802       59     1004       0
                text63                             1146     1146       56     228C       0
                text62                             1C18     1C18        8     3830       0
                text61                             1CF9     1CF9       15     39F2       0
                text60                             1C28     1C28        9     3850       0
                text59                             1BF9     1BF9        4     37F2       0
                text58                             1408     1408       6F     2810       0
                text57                             1D7D     1D7D       1A     3AFA       0
                text56                             1CB1     1CB1       11     3962       0
                text55                             1D97     1D97       1A     3B2E       0
                text54                             1FBE     1FBE       42     3F7C       0
                text53                             1D0E     1D0E       15     3A1C       0
                text52                              85B      85B      15D     10B6       0
                text51                             10B6     10B6       48     216C       0
                text50                              B95      B95      1E3     172A       0
                text49                             1E18     1E18       27     3C30       0
                text48                              3AC      3AC      361        8       0
                text47                             14E9     14E9       7C     29D2       0
                text46                             168A     168A       BA     2D14       0
                text45                             1477     1477       72     28EE       0
                text44                             11FC     11FC       66     23F8       0
                text43                             139B     139B       6D     2736       0
                text42                             1002     1002       2D     2004       0
                text41                             1C91     1C91       10     3922       0
                text40                             102F     102F       43     205E       0
                text39                             1E3F     1E3F       28     3C7E       0
                text38                             1C03     1C03        7     3806       0
                text37                             1C0A     1C0A        7     3814       0
                text36                             1DD0     1DD0       24     3BA0       0
                text35                             1C84     1C84        D     3908       0
                text34                             1D66     1D66       17     3ACC       0
                text33                             1C31     1C31        9     3862       0
                text32                             1C3A     1C3A        9     3874       0
                text31                             1CA1     1CA1       10     3942       0
                text30                             119C     119C       60     2338       0
                text29                             1CD3     1CD3       13     39A6       0
                text28                             1565     1565       87     2ACA       0
                text27                             1F01     1F01       3C     3E02       0
                text26                             1D23     1D23       16     3A46       0
                text25                             1F3D     1F3D       40     3E7A       0
                text24                             1C43     1C43        9     3886       0
                text23                             1C4C     1C4C        9     3898       0
                text22                             1331     1331       6A     2662       0
                text21                             1072     1072       44     20E4       0
                text20                             1EC6     1EC6       3B     3D8C       0
                text19                             1CC2     1CC2       11     3984       0
                text18                             12C9     12C9       68     2592       0
                text17                             1E90     1E90       36     3D20       0
                text16                             1C55     1C55        9     38AA       0
                text15                             1C70     1C70        A     38E0       0
                text14                              7E7      7E7       17        8       0
                text13                             10FE     10FE       48     21FC       0
                text12                              9B8      9B8      1DD     1370       0
                text11                             1E67     1E67       29     3CCE       0
                text10                               4B       4B      361        8       0
                text9                               D78      D78      288     1AF0       0
                text8                              1DF4     1DF4       24     3BE8       0
                text7                              15EC     15EC       9E     2BD8       0
                text6                              1744     1744       BC     2E88       0
                text5                               70D      70D       DA        8       0
                text4                              1D39     1D39       16     3A72       0
                text3                              1BFD     1BFD        6     37FA       0
                text2                              1C5E     1C5E        9     38BC       0
                text1                              1F7D     1F7D       41     3EFA       0
                maintext                           1C67     1C67        9     38CE       0
                cstackBANK0                          20       20       1E       20       1
                cstackCOMMON                         70       70        E       70       1
                cstackBANK1                          A0       A0       4E       A0       1
                cstackBANK3                         1BD      1BD       10      190       1
                clrtext                            1C20     1C20        8     3840       0
                inittext                           1CE6     1CE6       13     39CC       0
                dataBANK3                           1CD      1CD        A      190       1
                bssBANK3                            190      190       2D      190       1
                bssBANK1                             EE       EE        2       A0       1
                dataBANK0                            52       52        7       20       1
                bssBANK0                             3E       3E       14       20       1
                idataBANK3                         1C7A     1C7A        A     38F4       0
                idataBANK0                         1C11     1C11        7     3822       0

TOTAL           Name                               Link     Load   Length     Space
        CLASS   STACK          

        CLASS   CODE           
                end_init                             12       12        3         0
                cinit                                15       15       36         0
                intentry                              4        4        E         0
                reset_vec                             0        0        3         0
                text67                             1DB1     1DB1       1F         0
                text66                             1D4F     1D4F       17         0
                text65                             1262     1262       67         0
                text64                              802      802       59         0
                text63                             1146     1146       56         0
                text62                             1C18     1C18        8         0
                text61                             1CF9     1CF9       15         0
                text60                             1C28     1C28        9         0
                text59                             1BF9     1BF9        4         0
                text58                             1408     1408       6F         0
                text57                             1D7D     1D7D       1A         0
                text56                             1CB1     1CB1       11         0
                text55                             1D97     1D97       1A         0
                text54                             1FBE     1FBE       42         0
                text53                             1D0E     1D0E       15         0
                text52                              85B      85B      15D         0
                text51                             10B6     10B6       48         0
                text50                              B95      B95      1E3         0
                text49                             1E18     1E18       27         0
                text48                              3AC      3AC      361         0
                text47                             14E9     14E9       7C         0
                text46                             168A     168A       BA         0
                text45                             1477     1477       72         0
                text44                             11FC     11FC       66         0
                text43                             139B     139B       6D         0
                text42                             1002     1002       2D         0
                text41                             1C91     1C91       10         0
                text40                             102F     102F       43         0
                text39                             1E3F     1E3F       28         0
                text38                             1C03     1C03        7         0
                text37                             1C0A     1C0A        7         0
                text36                             1DD0     1DD0       24         0
                text35                             1C84     1C84        D         0
                text34                             1D66     1D66       17         0
                text33                             1C31     1C31        9         0
                text32                             1C3A     1C3A        9         0
                text31                             1CA1     1CA1       10         0
                text30                             119C     119C       60         0
                text29                             1CD3     1CD3       13         0
                text28                             1565     1565       87         0
                text27                             1F01     1F01       3C         0
                text26                             1D23     1D23       16         0
                text25                             1F3D     1F3D       40         0
                text24                             1C43     1C43        9         0
                text23                             1C4C     1C4C        9         0
                text22                             1331     1331       6A         0
                text21                             1072     1072       44         0
                text20                             1EC6     1EC6       3B         0
                text19                             1CC2     1CC2       11         0
                text18                             12C9     12C9       68         0
                text17                             1E90     1E90       36         0
                text16                             1C55     1C55        9         0
                text15                             1C70     1C70        A         0
                text14                              7E7      7E7       17         0
                text13                             10FE     10FE       48         0
                text12                              9B8      9B8      1DD         0
                text11                             1E67     1E67       29         0
                text10                               4B       4B      361         0
                text9                               D78      D78      288         0
                text8                              1DF4     1DF4       24         0
                text7                              15EC     15EC       9E         0
                text6                              1744     1744       BC         0
                text5                               70D      70D       DA         0
                text4                              1D39     1D39       16         0
                text3                              1BFD     1BFD        6         0
                text2                              1C5E     1C5E        9         0
                text1                              1F7D     1F7D       41         0
                maintext                           1C67     1C67        9         0
                clrtext                            1C20     1C20        8         0
                inittext                           1CE6     1CE6       13         0
                idataBANK3                         1C7A     1C7A        A         0
                idataBANK0                         1C11     1C11        7         0

        CLASS   STRCODE        

        CLASS   STRING         

        CLASS   CONST          

        CLASS   ENTRY          

        CLASS   COMMON         
                cstackCOMMON                         70       70        E         1

        CLASS   BANK0          
                cstackBANK0                          20       20       1E         1
                dataBANK0                            52       52        7         1
                bssBANK0                             3E       3E       14         1

        CLASS   BANK1          
                cstackBANK1                          A0       A0       4E         1
                bssBANK1                             EE       EE        2         1

        CLASS   BANK2          

        CLASS   BANK3          
                cstackBANK3                         1BD      1BD       10         1
                dataBANK3                           1CD      1CD        A         1
                bssBANK3                            190      190       2D         1

        CLASS   RAM            

        CLASS   ABS1           
                abs_s1                               7E       7E        2         1

        CLASS   SFR0           

        CLASS   SFR1           

        CLASS   SFR2           

        CLASS   SFR3           

        CLASS   CONFIG         
                config                             2007     2007        1         4

        CLASS   IDLOC          

        CLASS   EEDATA         



SEGMENTS        Name                           Load    Length   Top    Selector   Space  Class     Delta

                reset_vec                      000000  000003  000003         0       0  CODE        2
                intentry                       000004  0007FA  0007FE         8       0  CODE        2
                cstackBANK0                    000020  000039  000059        20       1  BANK0       1
                cstackCOMMON                   000070  00000E  00007E        70       1  COMMON      1
                cstackBANK1                    0000A0  000050  0000F0        A0       1  BANK1       1
                bssBANK3                       000190  000047  0001D7       190       1  BANK3       1
                text64                         000802  000059  00085B      1004       0  CODE        2
                text52                         00085B  00015D  0009B8      10B6       0  CODE        2
                text12                         0009B8  0001DD  000B95      1370       0  CODE        2
                text50                         000B95  0001E3  000D78      172A       0  CODE        2
                text9                          000D78  000288  001000      1AF0       0  CODE        2
                text42                         001002  00002D  00102F      2004       0  CODE        2
                text40                         00102F  000043  001072      205E       0  CODE        2
                text21                         001072  000044  0010B6      20E4       0  CODE        2
                text51                         0010B6  000048  0010FE      216C       0  CODE        2
                text13                         0010FE  000048  001146      21FC       0  CODE        2
                text63                         001146  000056  00119C      228C       0  CODE        2
                text30                         00119C  000060  0011FC      2338       0  CODE        2
                text44                         0011FC  000066  001262      23F8       0  CODE        2
                text65                         001262  000067  0012C9      24C4       0  CODE        2
                text18                         0012C9  000068  001331      2592       0  CODE        2
                text22                         001331  00006A  00139B      2662       0  CODE        2
                text43                         00139B  00006D  001408      2736       0  CODE        2
                text58                         001408  00006F  001477      2810       0  CODE        2
                text45                         001477  000072  0014E9      28EE       0  CODE        2
                text47                         0014E9  00007C  001565      29D2       0  CODE        2
                text28                         001565  000087  0015EC      2ACA       0  CODE        2
                text7                          0015EC  00009E  00168A      2BD8       0  CODE        2
                text46                         00168A  0000BA  001744      2D14       0  CODE        2
                text6                          001744  0000BC  001800      2E88       0  CODE        2
                text59                         001BF9  000004  001BFD      37F2       0  CODE        2
                text3                          001BFD  000006  001C03      37FA       0  CODE        2
                text38                         001C03  000007  001C0A      3806       0  CODE        2
                text37                         001C0A  000007  001C11      3814       0  CODE        2
                idataBANK0                     001C11  000007  001C18      3822       0  CODE        2
                text62                         001C18  000008  001C20      3830       0  CODE        2
                clrtext                        001C20  000008  001C28      3840       0  CODE        2
                text60                         001C28  000009  001C31      3850       0  CODE        2
                text33                         001C31  000009  001C3A      3862       0  CODE        2
                text32                         001C3A  000009  001C43      3874       0  CODE        2
                text24                         001C43  000009  001C4C      3886       0  CODE        2
                text23                         001C4C  000009  001C55      3898       0  CODE        2
                text16                         001C55  000009  001C5E      38AA       0  CODE        2
                text2                          001C5E  000009  001C67      38BC       0  CODE        2
                maintext                       001C67  000009  001C70      38CE       0  CODE        2
                text15                         001C70  00000A  001C7A      38E0       0  CODE        2
                idataBANK3                     001C7A  00000A  001C84      38F4       0  CODE        2
                text35                         001C84  00000D  001C91      3908       0  CODE        2
                text41                         001C91  000010  001CA1      3922       0  CODE        2
                text31                         001CA1  000010  001CB1      3942       0  CODE        2
                text56                         001CB1  000011  001CC2      3962       0  CODE        2
                text19                         001CC2  000011  001CD3      3984       0  CODE        2
                text29                         001CD3  000013  001CE6      39A6       0  CODE        2
                inittext                       001CE6  000013  001CF9      39CC       0  CODE        2
                text61                         001CF9  000015  001D0E      39F2       0  CODE        2
                text53                         001D0E  000015  001D23      3A1C       0  CODE        2
                text26                         001D23  000016  001D39      3A46       0  CODE        2
                text4                          001D39  000016  001D4F      3A72       0  CODE        2
                text66                         001D4F  000017  001D66      3A9E       0  CODE        2
                text34                         001D66  000017  001D7D      3ACC       0  CODE        2
                text57                         001D7D  00001A  001D97      3AFA       0  CODE        2
                text55                         001D97  00001A  001DB1      3B2E       0  CODE        2
                text67                         001DB1  00001F  001DD0      3B62       0  CODE        2
                text36                         001DD0  000024  001DF4      3BA0       0  CODE        2
                text8                          001DF4  000024  001E18      3BE8       0  CODE        2
                text49                         001E18  000027  001E3F      3C30       0  CODE        2
                text39                         001E3F  000028  001E67      3C7E       0  CODE        2
                text11                         001E67  000029  001E90      3CCE       0  CODE        2
                text17                         001E90  000036  001EC6      3D20       0  CODE        2
                text20                         001EC6  00003B  001F01      3D8C       0  CODE        2
                text27                         001F01  00003C  001F3D      3E02       0  CODE        2
                text25                         001F3D  000040  001F7D      3E7A       0  CODE        2
                text1                          001F7D  000041  001FBE      3EFA       0  CODE        2
                text54                         001FBE  000042  002000      3F7C       0  CODE        2


UNUSED ADDRESS RANGES

        Name                Unused          Largest block    Delta
        BANK0            0059-006F             17           1
        BANK2            0110-016F             60           1
        BANK3            01D7-01EF             19           1
        CODE             0003-0003              1           2
                         07FE-0801              2
                         1000-1001              2
                         1800-1BF8            3F9
        CONST            0003-0003              1           2
                         07FE-0801              2
                         1000-1001              2
                         1800-1BF8            100
        EEDATA           2100-21FF            100           2
        ENTRY            0003-0003              1           2
                         07FE-0801              2
                         1000-1001              2
                         1800-1BF8            100
        IDLOC            2000-2003              4           2
        RAM              0059-006F             17           1
                         0110-016F             60
                         01D7-01EF             19
        SFR0             0000-001F             20           1
        SFR1             0080-009F             20           1
        SFR2             0100-010F             10           1
        SFR3             0180-018F             10           1
        STACK            0110-016F             60           1
        STRCODE          0003-0003              1           2
                         07FE-0801              4
                         1000-1001              2
                         1800-1BF8            3F9
        STRING           0003-0003              1           2
                         07FE-0801              2
                         1000-1001              2
                         1800-1BF8            100

                                  Symbol Table

?_ADC_Read                      cstackCOMMON 0070
?__Umul8_16                     cstackBANK1  00A0
?___awdiv                       cstackCOMMON 0070
?___awmod                       cstackCOMMON 0070
?___fladd                       cstackBANK1  00A0
?___fldiv                       cstackBANK1  00C8
?___flmul                       cstackBANK1  00AE
?___flsub                       cstackBANK1  00E2
?___fltol                       cstackBANK1  00EA
?___lldiv                       cstackBANK1  00A0
?___xxtofl                      cstackBANK1  00A0
?i1__Umul8_16                   cstackCOMMON 0070
?i1___fldiv                     cstackCOMMON 0070
?i1___flmul                     cstackBANK0  0020
?i1___fltol                     cstackBANK0  002D
?i1___lldiv                     cstackCOMMON 0070
?i1___xxtofl                    cstackCOMMON 0070
ADC_Read@Channel                cstackCOMMON 0075
ADC_Read@ret                    cstackCOMMON 0073
DISP_Elements@var               cstackCOMMON 007C
DISP_Update@DISP_Blink          bssBANK3     01B5
DISP_Update@DISP_Counter        bssBANK3     01B9
EEPROM_Read@ADDRH               cstackCOMMON 0075
EEPROM_Read@ADDRL               cstackCOMMON 0073
EEPROM_Read@Data                cstackCOMMON 0074
EEPROM_Read@add                 cstackCOMMON 0071
EEPROM_Write@ADDRH              cstackCOMMON 0074
EEPROM_Write@ADDRL              cstackCOMMON 0075
EEPROM_Write@add                cstackCOMMON 0071
EEPROM_Write@data               cstackCOMMON 0073
I2C_Master_init@baud            cstackBANK1  00AE
I2C_Write@Data                  cstackCOMMON 0070
LED_Update@Led_counter          bssBANK3     0199
Led_Off@Led                     cstackCOMMON 0072
Led_Toggle@Led                  cstackCOMMON 0071
Led_on@Led                      cstackCOMMON 0072
SSD_OUT@Data                    cstackCOMMON 0079
SSD_OUT@ssd                     cstackCOMMON 0078
SSD_SetSSD@ssd                  cstackCOMMON 0070
SSD_SetState@state              cstackCOMMON 0070
SW_GetState@sw                  cstackCOMMON 0073
SW_Init@index                   cstackBANK1  00A3
SW_Update@SW_UPDATE             bssBANK0     004D
SW_Update@index                 cstackCOMMON 0074
Timer_Start@tick_ms             cstackBANK3  01CC
Timer_update_reg@tick_ms        cstackBANK3  01CB
Tmepreture_Update@Temp_Update   bssBANK3     01A5
WH_Update@WH_Counter            bssBANK3     019D
_ACKSTAT                        (abs)        048E
_ADCS1                          (abs)        00FF
_ADCS2                          (abs)        04FE
_ADC_INIT                       text19       1CC2
_ADC_Read                       text51       10B6
_ADC_read                       bssBANK0     0046
_ADFM                           (abs)        04FF
_ADON                           (abs)        00F8
_ADRESH                         (abs)        001E
_ADRESL                         (abs)        009E
_CHS0                           (abs)        00FB
_CHS1                           (abs)        00FC
_CHS2                           (abs)        00FD
_CL_Flag                        bssBANK0     0048
_COOL_turn_off                  text38       1C03
_COOL_turn_on                   text24       1C43
_Check_WH_mode                  text28       1565
_Current_SSD                    dataBANK0    0052
_Current_Temp                   dataBANK0    0056
_DISP_Elements                  text63       1146
_DISP_Update                    text58       1408
_EEPROM_Read                    text30       119C
_EEPROM_Write                   text27       1F01
_GIE                            (abs)        005F
_GO                             (abs)        00FA
_Get_temp                       text45       1477
_I2C_Master_init                text17       1E90
_I2C_Read                       text34       1D66
_I2C_Start                      text33       1C31
_I2C_Stop                       text32       1C3A
_I2C_Wait_idle                  text35       1C84
_I2C_Write                      text31       1CA1
_Init_flag                      bssBANK0     0042
_LED_Update                     text54       1FBE
_Led_Off                        text57       1D7D
_Led_Toggle                     text56       1CB1
_Led_init                       text16       1C55
_Led_on                         text55       1D97
_MODE                           dataBANK0    0058
_OS_init                        text1        1F7D
_PCFG0                          (abs)        04F8
_PCFG1                          (abs)        04F9
_PCFG2                          (abs)        04FA
_PCFG3                          (abs)        04FB
_PEIE                           (abs)        005E
_PEN                            (abs)        048A
_PORTA                          (abs)        0005
_PORTB                          (abs)        0006
_PORTC                          (abs)        0007
_PORTD                          (abs)        0008
_RCEN                           (abs)        048B
_RD1                            (abs)        0041
_RD2                            (abs)        0042
_RD4                            (abs)        0044
_RD5                            (abs)        0045
_RD6                            (abs)        0046
_RD7                            (abs)        0047
_RSEN                           (abs)        0489
_SDD_Init                       text15       1C70
_SEN                            (abs)        0488
_SSD_BLINK_STATE                bssBANK0     004E
_SSD_Blink                      text60       1C28
_SSD_Dispaly_NULL               text59       1BF9
_SSD_OUT                        text66       1D4F
_SSD_SetSSD                     text67       1DB1
_SSD_SetState                   text62       1C18
_SSD_Toggle                     text61       1CF9
_SSD_map                        dataBANK3    01CD
_SSPADD                         (abs)        0093
_SSPBUF                         (abs)        0013
_SSPCON                         (abs)        0014
_SSPCON2                        (abs)        0091
_SSPIF                          (abs)        0063
_SSPSTAT                        (abs)        0094
_SW_GetState                    text41       1C91
_SW_Init                        text13       10FE
_SW_Update                      text52       085B
_SWs_Info                       bssBANK3     0190
_Sleep_flag                     bssBANK0     003E
_T1CKPS0                        (abs)        0084
_T1CKPS1                        (abs)        0085
_TMR1                           (abs)        000E
_TMR1CS                         (abs)        0081
_TMR1IE                         (abs)        0460
_TMR1IF                         (abs)        0060
_TMR1ON                         (abs)        0080
_TMR_Update                     text20       1EC6
_TRISA                          (abs)        0085
_TRISB                          (abs)        0086
_TRISC                          (abs)        0087
_TRISC3                         (abs)        043B
_TRISC4                         (abs)        043C
_TRISD                          (abs)        0088
_TRISD1                         (abs)        0441
_TRISD2                         (abs)        0442
_Temp_ten_average               text43       139B
_Temperature                    bssBANK0     0050
_Ten_average_temp               bssBANK3     01AD
_Timer_Start                    text4        1D39
_Timer_Update_Vlue              bssBANK1     00EE
_Timer_init                     text3        1BFD
_Timer_update_reg               text5        070D
_Timer_update_reg$1109          cstackBANK3  01C7
_Tmepreture_Update              text42       1002
_Update_Global_counter          text40       102F
_Update_OS_Mode                 text39       1E3F
_WH_CL_Init                     text2        1C5E
_WH_Disable                     text36       1DD0
_WH_FLAG                        bssBANK0     0049
_WH_Save_Last_Temp              text26       1D23
_WH_Set_temp                    text25       1F3D
_WH_Turn_On_Off                 text22       1331
_WH_Update                      text21       1072
_WH_turn_off                    text37       1C0A
_WH_turn_on                     text23       1C4C
__Habs1                         abs1         0000
__Hbank0                        bank0        0000
__Hbank1                        bank1        0000
__Hbank2                        bank2        0000
__Hbank3                        bank3        0000
__HbssBANK0                     bssBANK0     0000
__HbssBANK1                     bssBANK1     0000
__HbssBANK3                     bssBANK3     0000
__Hcinit                        cinit        004B
__Hclrtext                      clrtext      0000
__Hcode                         code         0000
__Hcommon                       common       0000
__Hconfig                       config       2008
__HcstackBANK0                  cstackBANK0  0000
__HcstackBANK1                  cstackBANK1  0000
__HcstackBANK3                  cstackBANK3  0000
__HcstackCOMMON                 cstackCOMMON 0000
__HdataBANK0                    dataBANK0    0000
__HdataBANK3                    dataBANK3    0000
__Heeprom_data                  eeprom_data  0000
__Hend_init                     end_init     0015
__Hfunctab                      functab      0000
__HidataBANK0                   idataBANK0   0000
__HidataBANK3                   idataBANK3   0000
__Hinit                         init         0012
__Hinittext                     inittext     0000
__Hintentry                     intentry     0012
__Hmaintext                     maintext     0000
__Hpowerup                      powerup      0000
__Hram                          ram          0000
__Hreset_vec                    reset_vec    0003
__Hsfr0                         sfr0         0000
__Hsfr1                         sfr1         0000
__Hsfr2                         sfr2         0000
__Hsfr3                         sfr3         0000
__Hspace_0                      (abs)        2000
__Hspace_1                      (abs)        01D7
__Hspace_2                      (abs)        0000
__Hspace_3                      (abs)        0000
__Hspace_4                      (abs)        400F
__Hstack                        stack        0000
__Hstrings                      strings      0000
__Htext                         text         0000
__Labs1                         abs1         0000
__Lbank0                        bank0        0000
__Lbank1                        bank1        0000
__Lbank2                        bank2        0000
__Lbank3                        bank3        0000
__LbssBANK0                     bssBANK0     0000
__LbssBANK1                     bssBANK1     0000
__LbssBANK3                     bssBANK3     0000
__Lcinit                        cinit        0015
__Lclrtext                      clrtext      0000
__Lcode                         code         0000
__Lcommon                       common       0000
__Lconfig                       config       0000
__LcstackBANK0                  cstackBANK0  0000
__LcstackBANK1                  cstackBANK1  0000
__LcstackBANK3                  cstackBANK3  0000
__LcstackCOMMON                 cstackCOMMON 0000
__LdataBANK0                    dataBANK0    0000
__LdataBANK3                    dataBANK3    0000
__Leeprom_data                  eeprom_data  0000
__Lend_init                     end_init     0012
__Lfunctab                      functab      0000
__LidataBANK0                   idataBANK0   0000
__LidataBANK3                   idataBANK3   0000
__Linit                         init         0012
__Linittext                     inittext     0000
__Lintentry                     intentry     0004
__Lmaintext                     maintext     0000
__Lpowerup                      powerup      0000
__Lram                          ram          0000
__Lreset_vec                    reset_vec    0000
__Lsfr0                         sfr0         0000
__Lsfr1                         sfr1         0000
__Lsfr2                         sfr2         0000
__Lsfr3                         sfr3         0000
__Lspace_0                      (abs)        0000
__Lspace_1                      (abs)        0000
__Lspace_2                      (abs)        0000
__Lspace_3                      (abs)        0000
__Lspace_4                      (abs)        0000
__Lstack                        stack        0000
__Lstrings                      strings      0000
__Ltext                         text         0000
__S0                            (abs)        2000
__S1                            (abs)        01D7
__S2                            (abs)        0000
__S3                            (abs)        0000
__Umul8_16                      text11       1E67
__Umul8_16@multiplicand         cstackBANK1  00A0
__Umul8_16@multiplier           cstackBANK1  00A8
__Umul8_16@product              cstackBANK1  00A4
__Umul8_16@word_mpld            cstackBANK1  00A6
___awdiv                        text65       1262
___awdiv@counter                cstackCOMMON 0074
___awdiv@dividend               cstackCOMMON 0072
___awdiv@divisor                cstackCOMMON 0070
___awdiv@quotient               cstackCOMMON 0076
___awdiv@sign                   cstackCOMMON 0075
___awmod                        text64       0802
___awmod@counter                cstackCOMMON 0074
___awmod@dividend               cstackCOMMON 0072
___awmod@divisor                cstackCOMMON 0070
___awmod@sign                   cstackCOMMON 0075
___bmul                         text14       07E7
___bmul@multiplicand            cstackBANK1  00A0
___bmul@multiplier              cstackBANK1  00A2
___bmul@product                 cstackBANK1  00A1
___fladd                        text9        0D78
___fladd@a                      cstackBANK1  00A4
___fladd@aexp                   cstackBANK1  00B1
___fladd@b                      cstackBANK1  00A0
___fladd@bexp                   cstackBANK1  00B2
___fladd@grs                    cstackBANK1  00B3
___fladd@signs                  cstackBANK1  00B0
___fldiv                        text12       09B8
___fldiv@a                      cstackBANK1  00C8
___fldiv@aexp                   cstackBANK1  00E1
___fldiv@b                      cstackBANK1  00CC
___fldiv@bexp                   cstackBANK1  00E0
___fldiv@grs                    cstackBANK1  00DC
___fldiv@new_exp                cstackBANK1  00DA
___fldiv@rem                    cstackBANK1  00D5
___fldiv@sign                   cstackBANK1  00D9
___flmul                        text10       004B
___flmul@a                      cstackBANK1  00B2
___flmul@aexp                   cstackBANK1  00BC
___flmul@b                      cstackBANK1  00AE
___flmul@bexp                   cstackBANK1  00C1
___flmul@grs                    cstackBANK1  00BD
___flmul@prod                   cstackBANK1  00C2
___flmul@sign                   cstackBANK1  00BB
___flmul@temp                   cstackBANK1  00C6
___flsub                        text8        1DF4
___flsub@a                      cstackBANK1  00E2
___flsub@b                      cstackBANK1  00E6
___fltol                        text7        15EC
___fltol@exp1                   cstackBANK3  01C2
___fltol@f1                     cstackBANK1  00EA
___fltol@sign1                  cstackBANK3  01C1
___int_sp                       stack        0000
___latbits                      (abs)        0002
___lldiv                        text18       12C9
___lldiv@counter                cstackBANK1  00AD
___lldiv@dividend               cstackBANK1  00A4
___lldiv@divisor                cstackBANK1  00A0
___lldiv@quotient               cstackBANK1  00A9
___sp                           stack        0000
___stackhi                      (abs)        0000
___stacklo                      (abs)        0000
___xxtofl                       text6        1744
___xxtofl@arg                   cstackBANK1  00AA
___xxtofl@exp                   cstackBANK1  00A9
___xxtofl@sign                  cstackBANK1  00A8
___xxtofl@val                   cstackBANK1  00A0
__end_of_ADC_INIT               text19       1CD3
__end_of_ADC_Read               text51       10FE
__end_of_COOL_turn_off          text38       1C0A
__end_of_COOL_turn_on           text24       1C4C
__end_of_Check_WH_mode          text28       15EC
__end_of_DISP_Elements          text63       119C
__end_of_DISP_Update            text58       1477
__end_of_EEPROM_Read            text30       11FC
__end_of_EEPROM_Write           text27       1F3D
__end_of_Get_temp               text45       14E9
__end_of_I2C_Master_init        text17       1EC6
__end_of_I2C_Read               text34       1D7D
__end_of_I2C_Start              text33       1C3A
__end_of_I2C_Stop               text32       1C43
__end_of_I2C_Wait_idle          text35       1C91
__end_of_I2C_Write              text31       1CB1
__end_of_LED_Update             text54       2000
__end_of_Led_Off                text57       1D97
__end_of_Led_Toggle             text56       1CC2
__end_of_Led_init               text16       1C5E
__end_of_Led_on                 text55       1DB1
__end_of_OS_init                text1        1FBE
__end_of_SDD_Init               text15       1C7A
__end_of_SSD_Blink              text60       1C31
__end_of_SSD_Dispaly_NULL       text59       1BFD
__end_of_SSD_OUT                text66       1D66
__end_of_SSD_SetSSD             text67       1DD0
__end_of_SSD_SetState           text62       1C20
__end_of_SSD_Toggle             text61       1D0E
__end_of_SW_GetState            text41       1CA1
__end_of_SW_Init                text13       1146
__end_of_SW_Update              text52       09B8
__end_of_TMR_Update             text20       1F01
__end_of_Temp_ten_average       text43       1408
__end_of_Timer_Start            text4        1D4F
__end_of_Timer_init             text3        1C03
__end_of_Timer_update_reg       text5        07E7
__end_of_Tmepreture_Update      text42       102F
__end_of_Update_Global_counter  text40       1072
__end_of_Update_OS_Mode         text39       1E67
__end_of_WH_CL_Init             text2        1C67
__end_of_WH_Disable             text36       1DF4
__end_of_WH_Save_Last_Temp      text26       1D39
__end_of_WH_Set_temp            text25       1F7D
__end_of_WH_Turn_On_Off         text22       139B
__end_of_WH_Update              text21       10B6
__end_of_WH_turn_off            text37       1C11
__end_of_WH_turn_on             text23       1C55
__end_of__Umul8_16              text11       1E90
__end_of___awdiv                text65       12C9
__end_of___awmod                text64       085B
__end_of___bmul                 text14       07FE
__end_of___fladd                text9        1000
__end_of___fldiv                text12       0B95
__end_of___flmul                text10       03AC
__end_of___flsub                text8        1E18
__end_of___fltol                text7        168A
__end_of___lldiv                text18       1331
__end_of___xxtofl               text6        1800
__end_of__initialization        cinit        0047
__end_of_get_temp_after_reset   text29       1CE6
__end_of_main                   maintext     1C70
__end_ofi1__Umul8_16            text49       1E3F
__end_ofi1___bmul               text53       1D23
__end_ofi1___fldiv              text50       0D78
__end_ofi1___flmul              text48       070D
__end_ofi1___fltol              text47       1565
__end_ofi1___lldiv              text44       1262
__end_ofi1___xxtofl             text46       1744
__initialization                cinit        0015
__pbssBANK0                     bssBANK0     003E
__pbssBANK1                     bssBANK1     00EE
__pbssBANK3                     bssBANK3     0190
__pcstackBANK0                  cstackBANK0  0020
__pcstackBANK1                  cstackBANK1  00A0
__pcstackBANK3                  cstackBANK3  01BD
__pcstackCOMMON                 cstackCOMMON 0070
__pdataBANK0                    dataBANK0    0052
__pdataBANK3                    dataBANK3    01CD
__pidataBANK0                   idataBANK0   1C11
__pidataBANK3                   idataBANK3   1C7A
__pintentry                     intentry     0004
__pmaintext                     maintext     1C67
__ptext1                        text1        1F7D
__ptext10                       text10       004B
__ptext11                       text11       1E67
__ptext12                       text12       09B8
__ptext13                       text13       10FE
__ptext14                       text14       07E7
__ptext15                       text15       1C70
__ptext16                       text16       1C55
__ptext17                       text17       1E90
__ptext18                       text18       12C9
__ptext19                       text19       1CC2
__ptext2                        text2        1C5E
__ptext20                       text20       1EC6
__ptext21                       text21       1072
__ptext22                       text22       1331
__ptext23                       text23       1C4C
__ptext24                       text24       1C43
__ptext25                       text25       1F3D
__ptext26                       text26       1D23
__ptext27                       text27       1F01
__ptext28                       text28       1565
__ptext29                       text29       1CD3
__ptext3                        text3        1BFD
__ptext30                       text30       119C
__ptext31                       text31       1CA1
__ptext32                       text32       1C3A
__ptext33                       text33       1C31
__ptext34                       text34       1D66
__ptext35                       text35       1C84
__ptext36                       text36       1DD0
__ptext37                       text37       1C0A
__ptext38                       text38       1C03
__ptext39                       text39       1E3F
__ptext4                        text4        1D39
__ptext40                       text40       102F
__ptext41                       text41       1C91
__ptext42                       text42       1002
__ptext43                       text43       139B
__ptext44                       text44       11FC
__ptext45                       text45       1477
__ptext46                       text46       168A
__ptext47                       text47       14E9
__ptext48                       text48       03AC
__ptext49                       text49       1E18
__ptext5                        text5        070D
__ptext50                       text50       0B95
__ptext51                       text51       10B6
__ptext52                       text52       085B
__ptext53                       text53       1D0E
__ptext54                       text54       1FBE
__ptext55                       text55       1D97
__ptext56                       text56       1CB1
__ptext57                       text57       1D7D
__ptext58                       text58       1408
__ptext59                       text59       1BF9
__ptext6                        text6        1744
__ptext60                       text60       1C28
__ptext61                       text61       1CF9
__ptext62                       text62       1C18
__ptext63                       text63       1146
__ptext64                       text64       0802
__ptext65                       text65       1262
__ptext66                       text66       1D4F
__ptext67                       text67       1DB1
__ptext7                        text7        15EC
__ptext8                        text8        1DF4
__ptext9                        text9        0D78
__size_of_ADC_INIT              (abs)        0000
__size_of_ADC_Read              (abs)        0000
__size_of_COOL_turn_off         (abs)        0000
__size_of_COOL_turn_on          (abs)        0000
__size_of_Check_WH_mode         (abs)        0000
__size_of_DISP_Elements         (abs)        0000
__size_of_DISP_Update           (abs)        0000
__size_of_EEPROM_Read           (abs)        0000
__size_of_EEPROM_Write          (abs)        0000
__size_of_Get_temp              (abs)        0000
__size_of_I2C_Master_init       (abs)        0000
__size_of_I2C_Read              (abs)        0000
__size_of_I2C_Start             (abs)        0000
__size_of_I2C_Stop              (abs)        0000
__size_of_I2C_Wait_idle         (abs)        0000
__size_of_I2C_Write             (abs)        0000
__size_of_LED_Update            (abs)        0000
__size_of_Led_Off               (abs)        0000
__size_of_Led_Toggle            (abs)        0000
__size_of_Led_init              (abs)        0000
__size_of_Led_on                (abs)        0000
__size_of_OS_init               (abs)        0000
__size_of_SDD_Init              (abs)        0000
__size_of_SSD_Blink             (abs)        0000
__size_of_SSD_Dispaly_NULL      (abs)        0000
__size_of_SSD_OUT               (abs)        0000
__size_of_SSD_SetSSD            (abs)        0000
__size_of_SSD_SetState          (abs)        0000
__size_of_SSD_Toggle            (abs)        0000
__size_of_SW_GetState           (abs)        0000
__size_of_SW_Init               (abs)        0000
__size_of_SW_Update             (abs)        0000
__size_of_TMR_Update            (abs)        0000
__size_of_Temp_ten_average      (abs)        0000
__size_of_Timer_Start           (abs)        0000
__size_of_Timer_init            (abs)        0000
__size_of_Timer_update_reg      (abs)        0000
__size_of_Tmepreture_Update     (abs)        0000
__size_of_Update_Global_counter (abs)        0000
__size_of_Update_OS_Mode        (abs)        0000
__size_of_WH_CL_Init            (abs)        0000
__size_of_WH_Disable            (abs)        0000
__size_of_WH_Save_Last_Temp     (abs)        0000
__size_of_WH_Set_temp           (abs)        0000
__size_of_WH_Turn_On_Off        (abs)        0000
__size_of_WH_Update             (abs)        0000
__size_of_WH_turn_off           (abs)        0000
__size_of_WH_turn_on            (abs)        0000
__size_of__Umul8_16             (abs)        0000
__size_of___awdiv               (abs)        0000
__size_of___awmod               (abs)        0000
__size_of___bmul                (abs)        0000
__size_of___fladd               (abs)        0000
__size_of___fldiv               (abs)        0000
__size_of___flmul               (abs)        0000
__size_of___flsub               (abs)        0000
__size_of___fltol               (abs)        0000
__size_of___lldiv               (abs)        0000
__size_of___xxtofl              (abs)        0000
__size_of_get_temp_after_reset  (abs)        0000
__size_of_main                  (abs)        0000
__size_ofi1__Umul8_16           (abs)        0000
__size_ofi1___bmul              (abs)        0000
__size_ofi1___fldiv             (abs)        0000
__size_ofi1___flmul             (abs)        0000
__size_ofi1___fltol             (abs)        0000
__size_ofi1___lldiv             (abs)        0000
__size_ofi1___xxtofl            (abs)        0000
_average_flag                   bssBANK0     004B
_average_temp                   bssBANK3     01A9
_back_up_temp                   bssBANK0     004A
_flag                           bssBANK0     0051
_g_tick_count                   bssBANK3     01A1
_get_temp_after_reset           text29       1CD3
_main                           maintext     1C67
_set_temp                       dataBANK0    0057
_temp_average                   bssBANK0     004C
_voltage                        bssBANK3     01B1
btemp                           (abs)        007E
clear_ram0                      clrtext      1C20
end_of_initialization           cinit        0047
i1__Umul8_16                    text49       1E18
i1__Umul8_16@multiplicand       cstackCOMMON 0070
i1__Umul8_16@multiplier         cstackCOMMON 0078
i1__Umul8_16@product            cstackCOMMON 0074
i1__Umul8_16@word_mpld          cstackCOMMON 0076
i1___bmul                       text53       1D0E
i1___bmul@multiplicand          cstackCOMMON 0070
i1___bmul@multiplier            cstackCOMMON 0072
i1___bmul@product               cstackCOMMON 0071
i1___fldiv                      text50       0B95
i1___fldiv@a                    cstackCOMMON 0070
i1___fldiv@aexp                 cstackBANK0  002C
i1___fldiv@b                    cstackCOMMON 0074
i1___fldiv@bexp                 cstackBANK0  002B
i1___fldiv@grs                  cstackBANK0  0027
i1___fldiv@new_exp              cstackBANK0  0025
i1___fldiv@rem                  cstackBANK0  0020
i1___fldiv@sign                 cstackBANK0  0024
i1___flmul                      text48       03AC
i1___flmul@a                    cstackBANK0  0024
i1___flmul@aexp                 cstackBANK0  0032
i1___flmul@b                    cstackBANK0  0020
i1___flmul@bexp                 cstackBANK0  0033
i1___flmul@grs                  cstackBANK0  002E
i1___flmul@prod                 cstackBANK0  0034
i1___flmul@sign                 cstackBANK0  002D
i1___flmul@temp                 cstackBANK0  0038
i1___fltol                      text47       14E9
i1___fltol@exp1                 cstackBANK0  0036
i1___fltol@f1                   cstackBANK0  002D
i1___fltol@sign1                cstackBANK0  0035
i1___lldiv                      text44       11FC
i1___lldiv@counter              cstackCOMMON 007D
i1___lldiv@dividend             cstackCOMMON 0074
i1___lldiv@divisor              cstackCOMMON 0070
i1___lldiv@quotient             cstackCOMMON 0079
i1___xxtofl                     text46       168A
i1___xxtofl@arg                 cstackCOMMON 007A
i1___xxtofl@exp                 cstackCOMMON 0079
i1___xxtofl@sign                cstackCOMMON 0078
i1___xxtofl@val                 cstackCOMMON 0070
init_fetch0                     inittext     1CE6
init_ram0                       inittext     1CEA
interrupt_function              intentry     0004
intlevel0                       functab      0000
intlevel1                       functab      0000
intlevel2                       functab      0000
intlevel3                       functab      0000
intlevel4                       functab      0000
intlevel5                       functab      0000
reset_vec                       reset_vec    0000
saved_w                         (abs)        007E
start                           init         0012
start_initialization            cinit        0015
wtemp0                          (abs)        007E


FUNCTION INFORMATION:

 *************** function _main *****************
 Defined at:
		line 24 in file "main.c"
 Parameters:    Size  Location     Type
		None
 Auto vars:     Size  Location     Type
		None
 Return value:  Size  Location     Type
                  1    wreg      void 
 Registers used:
		wreg, fsr0l, fsr0h, status,2, status,0, btemp+1, pclath, cstack
 Tracked objects:
		On entry : 
		On exit  : 
		Unchanged: 
 Data sizes:     COMMON   BANK0   BANK1   BANK3   BANK2
      Params:         0       0       0       0       0
      Locals:         0       0       0       0       0
      Temps:          0       0       0       0       0
      Totals:         0       0       0       0       0
Total ram usage:        0 bytes
 Hardware stack levels required when called:   12
 This function calls:
		_OS_init
 This function is called by:
		Startup code after reset
 This function uses a non-reentrant model


 *************** function _OS_init *****************
 Defined at:
		line 40 in file "main.c"
 Parameters:    Size  Location     Type
		None
 Auto vars:     Size  Location     Type
		None
 Return value:  Size  Location     Type
                  1    wreg      void 
 Registers used:
		wreg, fsr0l, fsr0h, status,2, status,0, btemp+1, pclath, cstack
 Tracked objects:
		On entry : 
		On exit  : 
		Unchanged: 
 Data sizes:     COMMON   BANK0   BANK1   BANK3   BANK2
      Params:         0       0       0       0       0
      Locals:         0       0       0       0       0
      Temps:          0       0       0       0       0
      Totals:         0       0       0       0       0
Total ram usage:        0 bytes
 Hardware stack levels used:    1
 Hardware stack levels required when called:   11
 This function calls:
		_ADC_INIT
		_I2C_Master_init
		_Led_init
		_SDD_Init
		_SW_Init
		_Timer_Start
		_Timer_init
		_WH_CL_Init
 This function is called by:
		_main
 This function uses a non-reentrant model


 *************** function _WH_CL_Init *****************
 Defined at:
		line 39 in file "WH.c"
 Parameters:    Size  Location     Type
		None
 Auto vars:     Size  Location     Type
		None
 Return value:  Size  Location     Type
                  1    wreg      void 
 Registers used:
		wreg, status,2
 Tracked objects:
		On entry : 
		On exit  : 
		Unchanged: 
 Data sizes:     COMMON   BANK0   BANK1   BANK3   BANK2
      Params:         0       0       0       0       0
      Locals:         0       0       0       0       0
      Temps:          0       0       0       0       0
      Totals:         0       0       0       0       0
Total ram usage:        0 bytes
 Hardware stack levels used:    1
 Hardware stack levels required when called:    7
 This function calls:
		Nothing
 This function is called by:
		_OS_init
 This function uses a non-reentrant model


 *************** function _Timer_init *****************
 Defined at:
		line 15 in file "TIMER.c"
 Parameters:    Size  Location     Type
		None
 Auto vars:     Size  Location     Type
		None
 Return value:  Size  Location     Type
                  1    wreg      void 
 Registers used:
		None
 Tracked objects:
		On entry : 
		On exit  : 
		Unchanged: 
 Data sizes:     COMMON   BANK0   BANK1   BANK3   BANK2
      Params:         0       0       0       0       0
      Locals:         0       0       0       0       0
      Temps:          0       0       0       0       0
      Totals:         0       0       0       0       0
Total ram usage:        0 bytes
 Hardware stack levels used:    1
 Hardware stack levels required when called:    7
 This function calls:
		Nothing
 This function is called by:
		_OS_init
 This function uses a non-reentrant model


 *************** function _Timer_Start *****************
 Defined at:
		line 22 in file "TIMER.c"
 Parameters:    Size  Location     Type
  tick_ms         1    wreg     unsigned char 
 Auto vars:     Size  Location     Type
  tick_ms         1   15[BANK3 ] unsigned char 
 Return value:  Size  Location     Type
                  1    wreg      void 
 Registers used:
		wreg, status,2, status,0, btemp+1, pclath, cstack
 Tracked objects:
		On entry : 
		On exit  : 
		Unchanged: 
 Data sizes:     COMMON   BANK0   BANK1   BANK3   BANK2
      Params:         0       0       0       0       0
      Locals:         0       0       0       1       0
      Temps:          0       0       0       0       0
      Totals:         0       0       0       1       0
Total ram usage:        1 bytes
 Hardware stack levels used:    1
 Hardware stack levels required when called:   10
 This function calls:
		_Timer_update_reg
 This function is called by:
		_OS_init
 This function uses a non-reentrant model


 *************** function _Timer_update_reg *****************
 Defined at:
		line 37 in file "TIMER.c"
 Parameters:    Size  Location     Type
  tick_ms         1    wreg     unsigned char 
 Auto vars:     Size  Location     Type
  tick_ms         1   14[BANK3 ] unsigned char 
 Return value:  Size  Location     Type
                  1    wreg      void 
 Registers used:
		wreg, status,2, status,0, btemp+1, pclath, cstack
 Tracked objects:
		On entry : 
		On exit  : 
		Unchanged: 
 Data sizes:     COMMON   BANK0   BANK1   BANK3   BANK2
      Params:         0       0       0       0       0
      Locals:         0       0       0       5       0
      Temps:          0       0       0       4       0
      Totals:         0       0       0       9       0
Total ram usage:        9 bytes
 Hardware stack levels used:    1
 Hardware stack levels required when called:    9
 This function calls:
		___fldiv
		___flmul
		___flsub
		___fltol
		___xxtofl
 This function is called by:
		_Timer_Start
 This function uses a non-reentrant model


 *************** function ___xxtofl *****************
 Defined at:
		line 10 in file "C:\Program Files\Microchip\xc8\v2.20\pic\sources\c90\common\xxtofl.c"
 Parameters:    Size  Location     Type
  sign            1    wreg     unsigned char 
  val             4    0[BANK1 ] long 
 Auto vars:     Size  Location     Type
  sign            1    8[BANK1 ] unsigned char 
  arg             4   10[BANK1 ] unsigned long 
  exp             1    9[BANK1 ] unsigned char 
 Return value:  Size  Location     Type
                  4    0[BANK1 ] unsigned char 
 Registers used:
		wreg, status,2, status,0, btemp+1
 Tracked objects:
		On entry : 
		On exit  : 
		Unchanged: 
 Data sizes:     COMMON   BANK0   BANK1   BANK3   BANK2
      Params:         0       0       4       0       0
      Locals:         0       0       6       0       0
      Temps:          0       0       4       0       0
      Totals:         0       0      14       0       0
Total ram usage:       14 bytes
 Hardware stack levels used:    1
 Hardware stack levels required when called:    7
 This function calls:
		Nothing
 This function is called by:
		_Timer_update_reg
 This function uses a non-reentrant model


 *************** function ___fltol *****************
 Defined at:
		line 43 in file "C:\Program Files\Microchip\xc8\v2.20\pic\sources\c90\common\fltol.c"
 Parameters:    Size  Location     Type
  f1              4   74[BANK1 ] unsigned char 
 Auto vars:     Size  Location     Type
  exp1            1    5[BANK3 ] unsigned char 
  sign1           1    4[BANK3 ] unsigned char 
 Return value:  Size  Location     Type
                  4   74[BANK1 ] long 
 Registers used:
		wreg, status,2, status,0, btemp+1
 Tracked objects:
		On entry : 
		On exit  : 
		Unchanged: 
 Data sizes:     COMMON   BANK0   BANK1   BANK3   BANK2
      Params:         0       0       4       0       0
      Locals:         0       0       0       2       0
      Temps:          0       0       0       4       0
      Totals:         0       0       4       6       0
Total ram usage:       10 bytes
 Hardware stack levels used:    1
 Hardware stack levels required when called:    7
 This function calls:
		Nothing
 This function is called by:
		_Timer_update_reg
 This function uses a non-reentrant model


 *************** function ___flsub *****************
 Defined at:
		line 242 in file "C:\Program Files\Microchip\xc8\v2.20\pic\sources\c90\common\sprcadd.c"
 Parameters:    Size  Location     Type
  a               4   66[BANK1 ] long 
  b               4   70[BANK1 ] long 
 Auto vars:     Size  Location     Type
		None
 Return value:  Size  Location     Type
                  4   66[BANK1 ] long 
 Registers used:
		wreg, status,2, status,0, btemp+1, pclath, cstack
 Tracked objects:
		On entry : 
		On exit  : 
		Unchanged: 
 Data sizes:     COMMON   BANK0   BANK1   BANK3   BANK2
      Params:         0       0       8       0       0
      Locals:         0       0       0       0       0
      Temps:          0       0       0       0       0
      Totals:         0       0       8       0       0
Total ram usage:        8 bytes
 Hardware stack levels used:    1
 Hardware stack levels required when called:    8
 This function calls:
		___fladd
 This function is called by:
		_Timer_update_reg
 This function uses a non-reentrant model


 *************** function ___fladd *****************
 Defined at:
		line 10 in file "C:\Program Files\Microchip\xc8\v2.20\pic\sources\c90\common\sprcadd.c"
 Parameters:    Size  Location     Type
  b               4    0[BANK1 ] long 
  a               4    4[BANK1 ] long 
 Auto vars:     Size  Location     Type
  grs             1   19[BANK1 ] unsigned char 
  bexp            1   18[BANK1 ] unsigned char 
  aexp            1   17[BANK1 ] unsigned char 
  signs           1   16[BANK1 ] unsigned char 
 Return value:  Size  Location     Type
                  4    0[BANK1 ] unsigned char 
 Registers used:
		wreg, status,2, status,0, btemp+1
 Tracked objects:
		On entry : 
		On exit  : 
		Unchanged: 
 Data sizes:     COMMON   BANK0   BANK1   BANK3   BANK2
      Params:         0       0       8       0       0
      Locals:         0       0       4       0       0
      Temps:          0       0       8       0       0
      Totals:         0       0      20       0       0
Total ram usage:       20 bytes
 Hardware stack levels used:    1
 Hardware stack levels required when called:    7
 This function calls:
		Nothing
 This function is called by:
		___flsub
 This function uses a non-reentrant model


 *************** function ___flmul *****************
 Defined at:
		line 8 in file "C:\Program Files\Microchip\xc8\v2.20\pic\sources\c90\common\sprcmul.c"
 Parameters:    Size  Location     Type
  b               4   14[BANK1 ] unsigned char 
  a               4   18[BANK1 ] unsigned char 
 Auto vars:     Size  Location     Type
  prod            4   34[BANK1 ] struct .
  grs             4   29[BANK1 ] unsigned long 
  temp            2   38[BANK1 ] struct .
  bexp            1   33[BANK1 ] unsigned char 
  aexp            1   28[BANK1 ] unsigned char 
  sign            1   27[BANK1 ] unsigned char 
 Return value:  Size  Location     Type
                  4   14[BANK1 ] unsigned char 
 Registers used:
		wreg, status,2, status,0, btemp+1, pclath, cstack
 Tracked objects:
		On entry : 
		On exit  : 
		Unchanged: 
 Data sizes:     COMMON   BANK0   BANK1   BANK3   BANK2
      Params:         0       0       8       0       0
      Locals:         0       0      13       0       0
      Temps:          0       0       5       0       0
      Totals:         0       0      26       0       0
Total ram usage:       26 bytes
 Hardware stack levels used:    1
 Hardware stack levels required when called:    8
 This function calls:
		__Umul8_16
 This function is called by:
		_Timer_update_reg
 This function uses a non-reentrant model


 *************** function __Umul8_16 *****************
 Defined at:
		line 4 in file "C:\Program Files\Microchip\xc8\v2.20\pic\sources\c90\common\Umul8_16.c"
 Parameters:    Size  Location     Type
  multiplier      1    wreg     unsigned char 
  multiplicand    1    0[BANK1 ] unsigned char 
 Auto vars:     Size  Location     Type
  multiplier      1    8[BANK1 ] unsigned char 
  word_mpld       2    6[BANK1 ] unsigned int 
  product         2    4[BANK1 ] unsigned int 
 Return value:  Size  Location     Type
                  2    0[BANK1 ] unsigned int 
 Registers used:
		wreg, status,2, status,0
 Tracked objects:
		On entry : 
		On exit  : 
		Unchanged: 
 Data sizes:     COMMON   BANK0   BANK1   BANK3   BANK2
      Params:         0       0       2       0       0
      Locals:         0       0       5       0       0
      Temps:          0       0       2       0       0
      Totals:         0       0       9       0       0
Total ram usage:        9 bytes
 Hardware stack levels used:    1
 Hardware stack levels required when called:    7
 This function calls:
		Nothing
 This function is called by:
		___flmul
 This function uses a non-reentrant model


 *************** function ___fldiv *****************
 Defined at:
		line 8 in file "C:\Program Files\Microchip\xc8\v2.20\pic\sources\c90\common\sprcdiv.c"
 Parameters:    Size  Location     Type
  a               4   40[BANK1 ] unsigned int 
  b               4   44[BANK1 ] unsigned int 
 Auto vars:     Size  Location     Type
  grs             4   60[BANK1 ] unsigned long 
  rem             4   53[BANK1 ] unsigned long 
  new_exp         2   58[BANK1 ] int 
  aexp            1   65[BANK1 ] unsigned char 
  bexp            1   64[BANK1 ] unsigned char 
  sign            1   57[BANK1 ] unsigned char 
 Return value:  Size  Location     Type
                  4   40[BANK1 ] unsigned char 
 Registers used:
		wreg, status,2, status,0, btemp+1
 Tracked objects:
		On entry : 
		On exit  : 
		Unchanged: 
 Data sizes:     COMMON   BANK0   BANK1   BANK3   BANK2
      Params:         0       0       8       0       0
      Locals:         0       0      13       0       0
      Temps:          0       0       5       0       0
      Totals:         0       0      26       0       0
Total ram usage:       26 bytes
 Hardware stack levels used:    1
 Hardware stack levels required when called:    7
 This function calls:
		Nothing
 This function is called by:
		_Timer_update_reg
 This function uses a non-reentrant model


 *************** function _SW_Init *****************
 Defined at:
		line 22 in file "SW.c"
 Parameters:    Size  Location     Type
		None
 Auto vars:     Size  Location     Type
  index           1    3[BANK1 ] unsigned char 
 Return value:  Size  Location     Type
                  1    wreg      void 
 Registers used:
		wreg, fsr0l, fsr0h, status,2, status,0, btemp+1, pclath, cstack
 Tracked objects:
		On entry : 
		On exit  : 
		Unchanged: 
 Data sizes:     COMMON   BANK0   BANK1   BANK3   BANK2
      Params:         0       0       0       0       0
      Locals:         0       0       1       0       0
      Temps:          0       0       0       0       0
      Totals:         0       0       1       0       0
Total ram usage:        1 bytes
 Hardware stack levels used:    1
 Hardware stack levels required when called:    8
 This function calls:
		___bmul
 This function is called by:
		_OS_init
 This function uses a non-reentrant model


 *************** function ___bmul *****************
 Defined at:
		line 4 in file "C:\Program Files\Microchip\xc8\v2.20\pic\sources\c90\common\Umul8.c"
 Parameters:    Size  Location     Type
  multiplier      1    wreg     unsigned char 
  multiplicand    1    0[BANK1 ] unsigned char 
 Auto vars:     Size  Location     Type
  multiplier      1    2[BANK1 ] unsigned char 
  product         1    1[BANK1 ] unsigned char 
 Return value:  Size  Location     Type
                  1    wreg      unsigned char 
 Registers used:
		wreg, status,2, status,0, btemp+1
 Tracked objects:
		On entry : 
		On exit  : 
		Unchanged: 
 Data sizes:     COMMON   BANK0   BANK1   BANK3   BANK2
      Params:         0       0       1       0       0
      Locals:         0       0       2       0       0
      Temps:          0       0       0       0       0
      Totals:         0       0       3       0       0
Total ram usage:        3 bytes
 Hardware stack levels used:    1
 Hardware stack levels required when called:    7
 This function calls:
		Nothing
 This function is called by:
		_SW_Init
		_SW_GetState
		_SW_Update
 This function uses a non-reentrant model


 *************** function _SDD_Init *****************
 Defined at:
		line 24 in file "SSD.c"
 Parameters:    Size  Location     Type
		None
 Auto vars:     Size  Location     Type
		None
 Return value:  Size  Location     Type
                  1    wreg      void 
 Registers used:
		wreg, status,2
 Tracked objects:
		On entry : 
		On exit  : 
		Unchanged: 
 Data sizes:     COMMON   BANK0   BANK1   BANK3   BANK2
      Params:         0       0       0       0       0
      Locals:         0       0       2       0       0
      Temps:          0       0       0       0       0
      Totals:         0       0       2       0       0
Total ram usage:        2 bytes
 Hardware stack levels used:    1
 Hardware stack levels required when called:    7
 This function calls:
		Nothing
 This function is called by:
		_OS_init
 This function uses a non-reentrant model


 *************** function _Led_init *****************
 Defined at:
		line 10 in file "LED.c"
 Parameters:    Size  Location     Type
		None
 Auto vars:     Size  Location     Type
		None
 Return value:  Size  Location     Type
                  1    wreg      void 
 Registers used:
		wreg, status,2
 Tracked objects:
		On entry : 
		On exit  : 
		Unchanged: 
 Data sizes:     COMMON   BANK0   BANK1   BANK3   BANK2
      Params:         0       0       0       0       0
      Locals:         0       0       0       0       0
      Temps:          0       0       0       0       0
      Totals:         0       0       0       0       0
Total ram usage:        0 bytes
 Hardware stack levels used:    1
 Hardware stack levels required when called:    7
 This function calls:
		Nothing
 This function is called by:
		_OS_init
 This function uses a non-reentrant model


 *************** function _I2C_Master_init *****************
 Defined at:
		line 8 in file "I2C.c"
 Parameters:    Size  Location     Type
  baud            4   14[BANK1 ] const unsigned long 
 Auto vars:     Size  Location     Type
		None
 Return value:  Size  Location     Type
                  1    wreg      void 
 Registers used:
		wreg, status,2, status,0, btemp+1, pclath, cstack
 Tracked objects:
		On entry : 
		On exit  : 
		Unchanged: 
 Data sizes:     COMMON   BANK0   BANK1   BANK3   BANK2
      Params:         0       0       4       0       0
      Locals:         0       0       0       0       0
      Temps:          0       0       4       0       0
      Totals:         0       0       8       0       0
Total ram usage:        8 bytes
 Hardware stack levels used:    1
 Hardware stack levels required when called:    8
 This function calls:
		___lldiv
 This function is called by:
		_OS_init
 This function uses a non-reentrant model


 *************** function ___lldiv *****************
 Defined at:
		line 5 in file "C:\Program Files\Microchip\xc8\v2.20\pic\sources\c90\common\__lldiv.c"
 Parameters:    Size  Location     Type
  divisor         4    0[BANK1 ] unsigned long 
  dividend        4    4[BANK1 ] unsigned long 
 Auto vars:     Size  Location     Type
  quotient        4    9[BANK1 ] unsigned long 
  counter         1   13[BANK1 ] unsigned char 
 Return value:  Size  Location     Type
                  4    0[BANK1 ] unsigned long 
 Registers used:
		wreg, status,2, status,0, btemp+1
 Tracked objects:
		On entry : 
		On exit  : 
		Unchanged: 
 Data sizes:     COMMON   BANK0   BANK1   BANK3   BANK2
      Params:         0       0       8       0       0
      Locals:         0       0       5       0       0
      Temps:          0       0       1       0       0
      Totals:         0       0      14       0       0
Total ram usage:       14 bytes
 Hardware stack levels used:    1
 Hardware stack levels required when called:    7
 This function calls:
		Nothing
 This function is called by:
		_I2C_Master_init
 This function uses a non-reentrant model


 *************** function _ADC_INIT *****************
 Defined at:
		line 5 in file "ADC.c"
 Parameters:    Size  Location     Type
		None
 Auto vars:     Size  Location     Type
		None
 Return value:  Size  Location     Type
                  1    wreg      void 
 Registers used:
		None
 Tracked objects:
		On entry : 
		On exit  : 
		Unchanged: 
 Data sizes:     COMMON   BANK0   BANK1   BANK3   BANK2
      Params:         0       0       0       0       0
      Locals:         0       0       0       0       0
      Temps:          0       0       0       0       0
      Totals:         0       0       0       0       0
Total ram usage:        0 bytes
 Hardware stack levels used:    1
 Hardware stack levels required when called:    7
 This function calls:
		Nothing
 This function is called by:
		_OS_init
		_TEMP_Init
 This function uses a non-reentrant model


 *************** function _TMR_Update *****************
 Defined at:
		line 53 in file "TIMER.c"
 Parameters:    Size  Location     Type
		None
 Auto vars:     Size  Location     Type
		None
 Return value:  Size  Location     Type
                  1    wreg      void 
 Registers used:
		wreg, fsr0l, fsr0h, status,2, status,0, btemp+1, pclath, cstack
 Tracked objects:
		On entry : 
		On exit  : 
		Unchanged: 
 Data sizes:     COMMON   BANK0   BANK1   BANK3   BANK2
      Params:         0       0       0       0       0
      Locals:         0       0       0       0       0
      Temps:          0       4       0       0       0
      Totals:         0       4       0       0       0
Total ram usage:        4 bytes
 Hardware stack levels used:    1
 Hardware stack levels required when called:    6
 This function calls:
		_DISP_Update
		_LED_Update
		_SW_Update
		_Tmepreture_Update
		_Update_Global_counter
		_Update_OS_Mode
		_WH_Update
 This function is called by:
		Interrupt level 1
 This function uses a non-reentrant model


 *************** function _WH_Update *****************
 Defined at:
		line 45 in file "WH.c"
 Parameters:    Size  Location     Type
		None
 Auto vars:     Size  Location     Type
		None
 Return value:  Size  Location     Type
                  1    wreg      void 
 Registers used:
		wreg, fsr0l, fsr0h, status,2, status,0, btemp+1, pclath, cstack
 Tracked objects:
		On entry : 
		On exit  : 
		Unchanged: 
 Data sizes:     COMMON   BANK0   BANK1   BANK3   BANK2
      Params:         0       0       0       0       0
[...]
		_TMR_Update
 This function uses a non-reentrant model


 *************** function i1___bmul *****************
 Defined at:
		line 4 in file "C:\Program Files\Microchip\xc8\v2.20\pic\sources\c90\common\Umul8.c"
 Parameters:    Size  Location     Type
  multiplier      1    wreg     unsigned char 
  multiplicand    1    0[COMMON] unsigned char 
 Auto vars:     Size  Location     Type
  multiplier      1    2[COMMON] unsigned char 
  product         1    1[COMMON] unsigned char 
 Return value:  Size  Location     Type
                  1    wreg      unsigned char 
 Registers used:
		wreg, status,2, status,0, btemp+1
 Tracked objects:
		On entry : 
		On exit  : 
		Unchanged: 
 Data sizes:     COMMON   BANK0   BANK1   BANK3   BANK2
      Params:         1       0       0       0       0
      Locals:         2       0       0       0       0
      Temps:          0       0       0       0       0
      Totals:         3       0       0       0       0
Total ram usage:        3 bytes
 Hardware stack levels used:    1
 This function calls:
		Nothing
 This function is called by:
		_SW_GetState
		_SW_Update
 This function uses a non-reentrant model


 *************** function _LED_Update *****************
 Defined at:
		line 17 in file "LED.c"
 Parameters:    Size  Location     Type
		None
 Auto vars:     Size  Location     Type
		None
 Return value:  Size  Location     Type
                  1    wreg      void 
 Registers used:
		wreg, status,2, status,0, btemp+1, pclath, cstack
 Tracked objects:
		On entry : 
		On exit  : 
		Unchanged: 
 Data sizes:     COMMON   BANK0   BANK1   BANK3   BANK2
      Params:         0       0       0       0       0
      Locals:         0       0       0       0       0
      Temps:          0       0       0       0       0
      Totals:         0       0       0       0       0
Total ram usage:        0 bytes
 Hardware stack levels used:    1
 Hardware stack levels required when called:    1
 This function calls:
		_Led_Off
		_Led_Toggle
		_Led_on
 This function is called by:
		_TMR_Update
 This function uses a non-reentrant model


 *************** function _Led_on *****************
 Defined at:
		line 44 in file "LED.c"
 Parameters:    Size  Location     Type
  Led             1    wreg     unsigned char 
 Auto vars:     Size  Location     Type
  Led             1    2[COMMON] unsigned char 
 Return value:  Size  Location     Type
                  1    wreg      void 
 Registers used:
		wreg, status,2, status,0
 Tracked objects:
		On entry : 
		On exit  : 
		Unchanged: 
 Data sizes:     COMMON   BANK0   BANK1   BANK3   BANK2
      Params:         0       0       0       0       0
      Locals:         1       0       0       0       0
      Temps:          2       0       0       0       0
      Totals:         3       0       0       0       0
Total ram usage:        3 bytes
 Hardware stack levels used:    1
 This function calls:
		Nothing
 This function is called by:
		_LED_Update
 This function uses a non-reentrant model


 *************** function _Led_Toggle *****************
 Defined at:
		line 54 in file "LED.c"
 Parameters:    Size  Location     Type
  Led             1    wreg     unsigned char 
 Auto vars:     Size  Location     Type
  Led             1    1[COMMON] unsigned char 
 Return value:  Size  Location     Type
                  1    wreg      void 
 Registers used:
		wreg, status,2, status,0, btemp+1
 Tracked objects:
		On entry : 
		On exit  : 
		Unchanged: 
 Data sizes:     COMMON   BANK0   BANK1   BANK3   BANK2
      Params:         0       0       0       0       0
      Locals:         1       0       0       0       0
      Temps:          1       0       0       0       0
      Totals:         2       0       0       0       0
Total ram usage:        2 bytes
 Hardware stack levels used:    1
 This function calls:
		Nothing
 This function is called by:
		_LED_Update
 This function uses a non-reentrant model


 *************** function _Led_Off *****************
 Defined at:
		line 49 in file "LED.c"
 Parameters:    Size  Location     Type
  Led             1    wreg     unsigned char 
 Auto vars:     Size  Location     Type
  Led             1    2[COMMON] unsigned char 
 Return value:  Size  Location     Type
                  1    wreg      void 
 Registers used:
		wreg, status,2, status,0
 Tracked objects:
		On entry : 
		On exit  : 
		Unchanged: 
 Data sizes:     COMMON   BANK0   BANK1   BANK3   BANK2
      Params:         0       0       0       0       0
      Locals:         1       0       0       0       0
      Temps:          2       0       0       0       0
      Totals:         3       0       0       0       0
Total ram usage:        3 bytes
 Hardware stack levels used:    1
 This function calls:
		Nothing
 This function is called by:
		_LED_Update
 This function uses a non-reentrant model


 *************** function _DISP_Update *****************
 Defined at:
		line 31 in file "SSD.c"
 Parameters:    Size  Location     Type
		None
 Auto vars:     Size  Location     Type
		None
 Return value:  Size  Location     Type
                  1    wreg      void 
 Registers used:
		wreg, fsr0l, fsr0h, status,2, status,0, btemp+1, pclath, cstack
 Tracked objects:
		On entry : 
		On exit  : 
		Unchanged: 
 Data sizes:     COMMON   BANK0   BANK1   BANK3   BANK2
      Params:         0       0       0       0       0
      Locals:         0       0       0       0       0
      Temps:          0       0       0       0       0
      Totals:         0       0       0       0       0
Total ram usage:        0 bytes
 Hardware stack levels used:    1
 Hardware stack levels required when called:    3
 This function calls:
		_DISP_Elements
		_SSD_Blink
		_SSD_Dispaly_NULL
 This function is called by:
		_TMR_Update
 This function uses a non-reentrant model


 *************** function _SSD_Dispaly_NULL *****************
 Defined at:
		line 68 in file "SSD.c"
 Parameters:    Size  Location     Type
		None
 Auto vars:     Size  Location     Type
		None
 Return value:  Size  Location     Type
                  1    wreg      void 
 Registers used:
		status,2
 Tracked objects:
		On entry : 
		On exit  : 
		Unchanged: 
 Data sizes:     COMMON   BANK0   BANK1   BANK3   BANK2
      Params:         0       0       0       0       0
      Locals:         0       0       0       0       0
      Temps:          0       0       0       0       0
      Totals:         0       0       0       0       0
Total ram usage:        0 bytes
 Hardware stack levels used:    1
 This function calls:
		Nothing
 This function is called by:
		_DISP_Update
 This function uses a non-reentrant model


 *************** function _SSD_Blink *****************
 Defined at:
		line 108 in file "SSD.c"
 Parameters:    Size  Location     Type
		None
 Auto vars:     Size  Location     Type
		None
 Return value:  Size  Location     Type
                  1    wreg      void 
 Registers used:
		wreg, status,2, status,0, btemp+1, pclath, cstack
 Tracked objects:
		On entry : 
		On exit  : 
		Unchanged: 
 Data sizes:     COMMON   BANK0   BANK1   BANK3   BANK2
      Params:         0       0       0       0       0
      Locals:         0       0       0       0       0
      Temps:          0       0       0       0       0
      Totals:         0       0       0       0       0
Total ram usage:        0 bytes
 Hardware stack levels used:    1
 Hardware stack levels required when called:    2
 This function calls:
		_SSD_Toggle
 This function is called by:
		_DISP_Update
 This function uses a non-reentrant model


 *************** function _SSD_Toggle *****************
 Defined at:
		line 73 in file "SSD.c"
 Parameters:    Size  Location     Type
		None
 Auto vars:     Size  Location     Type
		None
 Return value:  Size  Location     Type
                  1    wreg      void 
 Registers used:
		wreg, status,2, status,0, btemp+1, pclath, cstack
 Tracked objects:
		On entry : 
		On exit  : 
		Unchanged: 
 Data sizes:     COMMON   BANK0   BANK1   BANK3   BANK2
      Params:         0       0       0       0       0
      Locals:         0       0       0       0       0
      Temps:          0       0       0       0       0
      Totals:         0       0       0       0       0
Total ram usage:        0 bytes
 Hardware stack levels used:    1
 Hardware stack levels required when called:    1
 This function calls:
		_SSD_SetState
 This function is called by:
		_SSD_Blink
 This function uses a non-reentrant model


 *************** function _SSD_SetState *****************
 Defined at:
		line 103 in file "SSD.c"
 Parameters:    Size  Location     Type
  state           1    wreg     enum E885
 Auto vars:     Size  Location     Type
  state           1    0[COMMON] enum E885
 Return value:  Size  Location     Type
                  1    wreg      void 
 Registers used:
		wreg, btemp+1
 Tracked objects:
		On entry : 
		On exit  : 
		Unchanged: 
 Data sizes:     COMMON   BANK0   BANK1   BANK3   BANK2
      Params:         0       0       0       0       0
      Locals:         1       0       0       0       0
      Temps:          0       0       0       0       0
      Totals:         1       0       0       0       0
Total ram usage:        1 bytes
 Hardware stack levels used:    1
 This function calls:
		Nothing
 This function is called by:
		_SSD_Toggle
 This function uses a non-reentrant model


 *************** function _DISP_Elements *****************
 Defined at:
		line 125 in file "SSD.c"
 Parameters:    Size  Location     Type
  var             1    wreg     unsigned char 
 Auto vars:     Size  Location     Type
  var             1   12[COMMON] unsigned char 
 Return value:  Size  Location     Type
                  1    wreg      void 
 Registers used:
		wreg, fsr0l, fsr0h, status,2, status,0, btemp+1, pclath, cstack
 Tracked objects:
		On entry : 
		On exit  : 
		Unchanged: 
 Data sizes:     COMMON   BANK0   BANK1   BANK3   BANK2
      Params:         0       0       0       0       0
      Locals:         1       0       0       0       0
      Temps:          2       0       0       0       0
      Totals:         3       0       0       0       0
Total ram usage:        3 bytes
 Hardware stack levels used:    1
 Hardware stack levels required when called:    2
 This function calls:
		_SSD_OUT
		___awdiv
		___awmod
 This function is called by:
		_DISP_Update
 This function uses a non-reentrant model


 *************** function ___awmod *****************
 Defined at:
		line 5 in file "C:\Program Files\Microchip\xc8\v2.20\pic\sources\c90\common\awmod.c"
 Parameters:    Size  Location     Type
  divisor         2    0[COMMON] int 
  dividend        2    2[COMMON] int 
 Auto vars:     Size  Location     Type
  sign            1    5[COMMON] unsigned char 
  counter         1    4[COMMON] unsigned char 
 Return value:  Size  Location     Type
                  2    0[COMMON] int 
 Registers used:
		wreg, status,2, status,0, btemp+1
 Tracked objects:
		On entry : 
		On exit  : 
		Unchanged: 
 Data sizes:     COMMON   BANK0   BANK1   BANK3   BANK2
      Params:         4       0       0       0       0
      Locals:         2       0       0       0       0
      Temps:          0       0       0       0       0
      Totals:         6       0       0       0       0
Total ram usage:        6 bytes
 Hardware stack levels used:    1
 This function calls:
		Nothing
 This function is called by:
		_DISP_Elements
 This function uses a non-reentrant model


 *************** function ___awdiv *****************
 Defined at:
		line 5 in file "C:\Program Files\Microchip\xc8\v2.20\pic\sources\c90\common\awdiv.c"
 Parameters:    Size  Location     Type
  divisor         2    0[COMMON] int 
  dividend        2    2[COMMON] int 
 Auto vars:     Size  Location     Type
  quotient        2    6[COMMON] int 
  sign            1    5[COMMON] unsigned char 
  counter         1    4[COMMON] unsigned char 
 Return value:  Size  Location     Type
                  2    0[COMMON] int 
 Registers used:
		wreg, status,2, status,0, btemp+1
 Tracked objects:
		On entry : 
		On exit  : 
		Unchanged: 
 Data sizes:     COMMON   BANK0   BANK1   BANK3   BANK2
      Params:         4       0       0       0       0
      Locals:         4       0       0       0       0
      Temps:          0       0       0       0       0
      Totals:         8       0       0       0       0
Total ram usage:        8 bytes
 Hardware stack levels used:    1
 This function calls:
		Nothing
 This function is called by:
		_DISP_Elements
 This function uses a non-reentrant model


 *************** function _SSD_OUT *****************
 Defined at:
		line 114 in file "SSD.c"
 Parameters:    Size  Location     Type
  Data            1    wreg     unsigned char 
  ssd             1    8[COMMON] unsigned char 
 Auto vars:     Size  Location     Type
  Data            1    9[COMMON] unsigned char 
 Return value:  Size  Location     Type
                  1    wreg      void 
 Registers used:
		wreg, fsr0l, fsr0h, status,2, status,0, pclath, cstack
 Tracked objects:
		On entry : 
		On exit  : 
		Unchanged: 
 Data sizes:     COMMON   BANK0   BANK1   BANK3   BANK2
      Params:         1       0       0       0       0
      Locals:         1       0       0       0       0
      Temps:          0       0       0       0       0
      Totals:         2       0       0       0       0
Total ram usage:        2 bytes
 Hardware stack levels used:    1
 Hardware stack levels required when called:    1
 This function calls:
		_SSD_SetSSD
 This function is called by:
		_DISP_Elements
 This function uses a non-reentrant model


 *************** function _SSD_SetSSD *****************
 Defined at:
		line 85 in file "SSD.c"
 Parameters:    Size  Location     Type
  ssd             1    wreg     unsigned char 
 Auto vars:     Size  Location     Type
  ssd             1    0[COMMON] unsigned char 
 Return value:  Size  Location     Type
                  1    wreg      void 
 Registers used:
		wreg, fsr0l, fsr0h, status,2, status,0
 Tracked objects:
		On entry : 
		On exit  : 
		Unchanged: 
 Data sizes:     COMMON   BANK0   BANK1   BANK3   BANK2
      Params:         0       0       0       0       0
      Locals:         1       0       0       0       0
      Temps:          0       0       0       0       0
      Totals:         1       0       0       0       0
Total ram usage:        1 bytes
 Hardware stack levels used:    1
 This function calls:
		Nothing
 This function is called by:
		_SSD_OUT
 This function uses a non-reentrant model



MODULE INFORMATION

Module		Function		Class		Link	Load	Size
SW.c
		_SW_Init       		CODE           	10FE	0000	73
		_SW_GetState   		CODE           	1C91	0000	17
		_SW_Update     		CODE           	085B	0000	350

SW.c estimated size: 440

TIMER.c
		_Timer_Start   		CODE           	1D39	0000	23
		_Timer_init    		CODE           	1BFD	0000	7
		_TMR_Update    		CODE           	1EC6	0000	60
		_Timer_update_reg		CODE           	070D	0000	219

TIMER.c estimated size: 309

C:\Program Files\Microchip\xc8\v2.20\pic\sources\c90\common\__lldiv.c
		___lldiv       		CODE           	12C9	0000	105

C:\Program Files\Microchip\xc8\v2.20\pic\sources\c90\common\__lldiv.c estimated size: 105

LED.c
		_Led_Toggle    		CODE           	1CB1	0000	18
		_Led_Off       		CODE           	1D7D	0000	27
		_LED_Update    		CODE           	1FBE	0000	67
		_Led_on        		CODE           	1D97	0000	27
		_Led_init      		CODE           	1C55	0000	10

LED.c estimated size: 149

SSD.c
		_SDD_Init      		CODE           	1C70	0000	11
		_DISP_Elements 		CODE           	1146	0000	87
		_SSD_Toggle    		CODE           	1CF9	0000	22
		_SSD_OUT       		CODE           	1D4F	0000	24
		_DISP_Update   		CODE           	1408	0000	112
		_SSD_Blink     		CODE           	1C28	0000	10
		_SSD_Dispaly_NULL		CODE           	1BF9	0000	5
		_SSD_SetSSD    		CODE           	1DB1	0000	32
		_SSD_SetState  		CODE           	1C18	0000	9

SSD.c estimated size: 312

C:\Program Files\Microchip\xc8\v2.20\pic\sources\c90\common\Umul8_16.c
		__Umul8_16     		CODE           	1E67	0000	42

C:\Program Files\Microchip\xc8\v2.20\pic\sources\c90\common\Umul8_16.c estimated size: 42

C:\Program Files\Microchip\xc8\v2.20\pic\sources\c90\common\sprcadd.c
		___flsub       		CODE           	1DF4	0000	37
		___fladd       		CODE           	0D78	0000	649

C:\Program Files\Microchip\xc8\v2.20\pic\sources\c90\common\sprcadd.c estimated size: 686

WH.c
		_Update_Global_counter		CODE           	102F	0000	68
		_WH_Turn_On_Off		CODE           	1331	0000	107
		_get_temp_after_reset		CODE           	1CD3	0000	20
		_COOL_turn_on  		CODE           	1C43	0000	10
		_COOL_turn_off 		CODE           	1C03	0000	8
		_WH_Update     		CODE           	1072	0000	69
		_Update_OS_Mode		CODE           	1E3F	0000	41
		_WH_CL_Init    		CODE           	1C5E	0000	10
		_WH_Set_temp   		CODE           	1F3D	0000	65
		_WH_turn_on    		CODE           	1C4C	0000	10
		_WH_turn_off   		CODE           	1C0A	0000	8
		_WH_Save_Last_Temp		CODE           	1D23	0000	23
		_WH_Disable    		CODE           	1DD0	0000	37
		_Check_WH_mode 		CODE           	1565	0000	136

WH.c estimated size: 612

I2C.c
		_I2C_Master_init		CODE           	1E90	0000	55
		_I2C_Write     		CODE           	1CA1	0000	17
		_I2C_Stop      		CODE           	1C3A	0000	10
		_I2C_Read      		CODE           	1D66	0000	24
		_I2C_Wait_idle 		CODE           	1C84	0000	14
		_I2C_Start     		CODE           	1C31	0000	10

I2C.c estimated size: 130

C:\Program Files\Microchip\xc8\v2.20\pic\sources\c90\common\xxtofl.c
		___xxtofl      		CODE           	1744	0000	189

C:\Program Files\Microchip\xc8\v2.20\pic\sources\c90\common\xxtofl.c estimated size: 189

EEPROM.c
		_EEPROM_Read   		CODE           	119C	0000	97
		_EEPROM_Write  		CODE           	1F01	0000	61

EEPROM.c estimated size: 158

C:\Program Files\Microchip\xc8\v2.20\pic\sources\c90\common\awmod.c
		___awmod       		CODE           	0802	0000	90

C:\Program Files\Microchip\xc8\v2.20\pic\sources\c90\common\awmod.c estimated size: 90

shared
		i1__Umul8_16   		CODE           	1E18	0000	40
		i1___fldiv     		CODE           	0B95	0000	484
		i1___fltol     		CODE           	14E9	0000	125
		i1___lldiv     		CODE           	11FC	0000	103
		__initialization		CODE           	0015	0000	51
		i1___flmul     		CODE           	03AC	0000	866
		i1___xxtofl    		CODE           	168A	0000	187
		i1___bmul      		CODE           	1D0E	0000	22

shared estimated size: 1878

ADC.c
		_ADC_Read      		CODE           	10B6	0000	73
		_ADC_INIT      		CODE           	1CC2	0000	18

ADC.c estimated size: 91

C:\Program Files\Microchip\xc8\v2.20\pic\sources\c90\common\fltol.c
		___fltol       		CODE           	15EC	0000	159

C:\Program Files\Microchip\xc8\v2.20\pic\sources\c90\common\fltol.c estimated size: 159

C:\Program Files\Microchip\xc8\v2.20\pic\sources\c90\common\Umul8.c
		___bmul        		CODE           	07E7	0000	24

C:\Program Files\Microchip\xc8\v2.20\pic\sources\c90\common\Umul8.c estimated size: 24

C:\Program Files\Microchip\xc8\v2.20\pic\sources\c90\common\sprcmul.c
		___flmul       		CODE           	004B	0000	866

C:\Program Files\Microchip\xc8\v2.20\pic\sources\c90\common\sprcmul.c estimated size: 866

main.c
		_main          		CODE           	1C67	0000	10
		_OS_init       		CODE           	1F7D	0000	66

main.c estimated size: 76

C:\Program Files\Microchip\xc8\v2.20\pic\sources\c90\common\sprcdiv.c
		___fldiv       		CODE           	09B8	0000	478

C:\Program Files\Microchip\xc8\v2.20\pic\sources\c90\common\sprcdiv.c estimated size: 478

TEMPRETURE.c
		_Temp_ten_average		CODE           	139B	0000	110
		_Tmepreture_Update		CODE           	1002	0000	46
		_Get_temp      		CODE           	1477	0000	115

TEMPRETURE.c estimated size: 271

C:\Program Files\Microchip\xc8\v2.20\pic\sources\c90\common\awdiv.c
		___awdiv       		CODE           	1262	0000	104

C:\Program Files\Microchip\xc8\v2.20\pic\sources\c90\common\awdiv.c estimated size: 104

